Archive member included to satisfy reference by file (symbol)

app/libapp.a(main.c.obj)      (--whole-archive)
zephyr/libzephyr.a(cbprintf_packaged.c.obj)
                              (--whole-archive)
zephyr/libzephyr.a(dec.c.obj)
                              (--whole-archive)
zephyr/libzephyr.a(fdtable.c.obj)
                              (--whole-archive)
zephyr/libzephyr.a(hex.c.obj)
                              (--whole-archive)
zephyr/libzephyr.a(printk.c.obj)
                              (--whole-archive)
zephyr/libzephyr.a(rb.c.obj)  (--whole-archive)
zephyr/libzephyr.a(sem.c.obj)
                              (--whole-archive)
zephyr/libzephyr.a(thread_entry.c.obj)
                              (--whole-archive)
zephyr/libzephyr.a(timeutil.c.obj)
                              (--whole-archive)
zephyr/libzephyr.a(heap.c.obj)
                              (--whole-archive)
zephyr/libzephyr.a(heap-validate.c.obj)
                              (--whole-archive)
zephyr/libzephyr.a(bitarray.c.obj)
                              (--whole-archive)
zephyr/libzephyr.a(multi_heap.c.obj)
                              (--whole-archive)
zephyr/libzephyr.a(onoff.c.obj)
                              (--whole-archive)
zephyr/libzephyr.a(notify.c.obj)
                              (--whole-archive)
zephyr/libzephyr.a(crc32c_sw.c.obj)
                              (--whole-archive)
zephyr/libzephyr.a(crc32_sw.c.obj)
                              (--whole-archive)
zephyr/libzephyr.a(crc16_sw.c.obj)
                              (--whole-archive)
zephyr/libzephyr.a(crc8_sw.c.obj)
                              (--whole-archive)
zephyr/libzephyr.a(crc7_sw.c.obj)
                              (--whole-archive)
zephyr/libzephyr.a(cbprintf_complete.c.obj)
                              (--whole-archive)
zephyr/libzephyr.a(cbprintf.c.obj)
                              (--whole-archive)
zephyr/libzephyr.a(assert.c.obj)
                              (--whole-archive)
zephyr/libzephyr.a(configs.c.obj)
                              (--whole-archive)
zephyr/libzephyr.a(soc_nrf_common.S.obj)
                              (--whole-archive)
zephyr/libzephyr.a(validate_base_addresses.c.obj)
                              (--whole-archive)
zephyr/libzephyr.a(validate_enabled_instances.c.obj)
                              (--whole-archive)
zephyr/libzephyr.a(nrf_timer_timer.c.obj)
                              (--whole-archive)
zephyr/libzephyr.a(log_minimal.c.obj)
                              (--whole-archive)
zephyr/libzephyr.a(pm.c.obj)  (--whole-archive)
zephyr/libzephyr.a(policy.c.obj)
                              (--whole-archive)
zephyr/libzephyr.a(state.c.obj)
                              (--whole-archive)
zephyr/libzephyr.a(tracing_none.c.obj)
                              (--whole-archive)
zephyr/arch/common/libarch__common.a(sw_isr_common.c.obj)
                              (--whole-archive)
zephyr/arch/arch/arm/core/aarch32/libarch__arm__core__aarch32.a(cpu_idle.S.obj)
                              (--whole-archive)
zephyr/arch/arch/arm/core/aarch32/libarch__arm__core__aarch32.a(fatal.c.obj)
                              (--whole-archive)
zephyr/arch/arch/arm/core/aarch32/libarch__arm__core__aarch32.a(irq_manage.c.obj)
                              (--whole-archive)
zephyr/arch/arch/arm/core/aarch32/libarch__arm__core__aarch32.a(nmi.c.obj)
                              (--whole-archive)
zephyr/arch/arch/arm/core/aarch32/libarch__arm__core__aarch32.a(nmi_on_reset.S.obj)
                              (--whole-archive)
zephyr/arch/arch/arm/core/aarch32/libarch__arm__core__aarch32.a(prep_c.c.obj)
                              (--whole-archive)
zephyr/arch/arch/arm/core/aarch32/libarch__arm__core__aarch32.a(swap.c.obj)
                              (--whole-archive)
zephyr/arch/arch/arm/core/aarch32/libarch__arm__core__aarch32.a(swap_helper.S.obj)
                              (--whole-archive)
zephyr/arch/arch/arm/core/aarch32/libarch__arm__core__aarch32.a(thread.c.obj)
                              (--whole-archive)
zephyr/arch/arch/arm/core/aarch32/libarch__arm__core__aarch32.a(isr_wrapper.S.obj)
                              (--whole-archive)
zephyr/arch/arch/arm/core/aarch32/cortex_m/libarch__arm__core__aarch32__cortex_m.a(exc_exit.S.obj)
                              (--whole-archive)
zephyr/arch/arch/arm/core/aarch32/cortex_m/libarch__arm__core__aarch32__cortex_m.a(fault.c.obj)
                              (--whole-archive)
zephyr/arch/arch/arm/core/aarch32/cortex_m/libarch__arm__core__aarch32__cortex_m.a(fault_s.S.obj)
                              (--whole-archive)
zephyr/arch/arch/arm/core/aarch32/cortex_m/libarch__arm__core__aarch32__cortex_m.a(fpu.c.obj)
                              (--whole-archive)
zephyr/arch/arch/arm/core/aarch32/cortex_m/libarch__arm__core__aarch32__cortex_m.a(irq_init.c.obj)
                              (--whole-archive)
[...]
Memory Configuration

Name             Origin             Length             Attributes
FLASH            0x0000000000000000 0x0000000000040000 xr
RAM              0x0000000020000000 0x0000000000004000 xw
IDT_LIST         0x00000000fffff7ff 0x0000000000000800 xw
*default*        0x0000000000000000 0xffffffffffffffff

Linker script and memory map

LOAD zephyr/CMakeFiles/zephyr_pre1.dir/misc/empty_file.c.obj
LOAD zephyr/CMakeFiles/zephyr_pre1.dir/dev_handles.c.obj
LOAD zephyr/CMakeFiles/offsets.dir/./arch/arm/core/offsets/offsets.c.obj
                0x0000000000000004                _region_min_align = 0x4

.rel.plt        0x0000000000000000        0x0
 *(SORT_BY_ALIGNMENT(.rel.plt))
                [!provide]                        PROVIDE (__rel_iplt_start = .)
 *(SORT_BY_ALIGNMENT(.rel.iplt))
 .rel.iplt      0x0000000000000000        0x0 app/libapp.a(main.c.obj)
                [!provide]                        PROVIDE (__rel_iplt_end = .)

.rela.plt       0x0000000000000000        0x0
 *(SORT_BY_ALIGNMENT(.rela.plt))
                [!provide]                        PROVIDE (__rela_iplt_start = .)
 *(SORT_BY_ALIGNMENT(.rela.iplt))
                [!provide]                        PROVIDE (__rela_iplt_end = .)

.rel.dyn
 *(SORT_BY_ALIGNMENT(.rel.*))

.rela.dyn
 *(SORT_BY_ALIGNMENT(.rela.*))

/DISCARD/
 *(SORT_BY_ALIGNMENT(.plt))

/DISCARD/
 *(SORT_BY_ALIGNMENT(.iplt))
                0x0000000000000000                __rom_region_start = 0x0

rom_start       0x0000000000000000       0xa8
                0x0000000000000000                . = 0x0
                0x0000000000000000                . = ALIGN (0x4)
                0x0000000000000000                _vector_start = .
 *(SORT_BY_ALIGNMENT(.exc_vector_table))
 *(SORT_BY_ALIGNMENT(.exc_vector_table.*))
 .exc_vector_table._vector_table_section
                0x0000000000000000       0x40 zephyr/arch/arch/arm/core/aarch32/cortex_m/libarch__arm__core__aarch32__cortex_m.a(vector_table.S.obj)
                0x0000000000000000                _vector_table
 *(SORT_BY_ALIGNMENT(.vectors))
                0x00000000000000a8                _vector_end = .
                0x0000000000000040                . = ALIGN (0x4)
 *(SORT_BY_ALIGNMENT(.gnu.linkonce.irq_vector_table*))
 .gnu.linkonce.irq_vector_table
                0x0000000000000040       0x68 zephyr/arch/common/libisr_tables.a(isr_tables.c.obj)
                0x0000000000000040                _irq_vector_table
                0x00000000000000a8                _vector_end = .

text            0x00000000000000a8     0x5c6c
                0x00000000000000a8                __text_region_start = .
 *(SORT_BY_ALIGNMENT(.text))
 .text          0x00000000000000a8       0x14 c:/users/thinm1/zephyr-sdk-0.16.4/arm-zephyr-eabi/bin/../lib/gcc/arm-zephyr-eabi/12.2.0/thumb/v6-m/nofp\libgcc.a(_thumb1_case_uqi.o)
                0x00000000000000a8                __gnu_thumb1_case_uqi
 .text          0x00000000000000bc       0x14 c:/users/thinm1/zephyr-sdk-0.16.4/arm-zephyr-eabi/bin/../lib/gcc/arm-zephyr-eabi/12.2.0/thumb/v6-m/nofp\libgcc.a(_thumb1_case_shi.o)
                0x00000000000000bc                __gnu_thumb1_case_shi
 .text          0x00000000000000d0       0x8c c:/users/thinm1/zephyr-sdk-0.16.4/arm-zephyr-eabi/bin/../lib/gcc/arm-zephyr-eabi/12.2.0/thumb/v6-m/nofp\libgcc.a(_udivsi3.o)
                0x00000000000000d0                __aeabi_uidiv
                0x00000000000000d0                __udivsi3
                0x0000000000000148                __aeabi_uidivmod
 .text          0x000000000000015c       0xa8 c:/users/thinm1/zephyr-sdk-0.16.4/arm-zephyr-eabi/bin/../lib/gcc/arm-zephyr-eabi/12.2.0/thumb/v6-m/nofp\libgcc.a(_divsi3.o)
                0x000000000000015c                __divsi3
                0x000000000000015c                __aeabi_idiv
                0x00000000000001f0                __aeabi_idivmod
 .text          0x0000000000000204        0x4 c:/users/thinm1/zephyr-sdk-0.16.4/arm-zephyr-eabi/bin/../lib/gcc/arm-zephyr-eabi/12.2.0/thumb/v6-m/nofp\libgcc.a(_dvmd_tls.o)
                0x0000000000000204                __aeabi_idiv0
                0x0000000000000204                __aeabi_ldiv0
 .text          0x0000000000000208       0x3c c:/users/thinm1/zephyr-sdk-0.16.4/arm-zephyr-eabi/bin/../lib/gcc/arm-zephyr-eabi/12.2.0/thumb/v6-m/nofp\libgcc.a(_clzsi2.o)
                0x0000000000000208                __clzsi2
 .text          0x0000000000000244       0x40 c:/users/thinm1/zephyr-sdk-0.16.4/arm-zephyr-eabi/bin/../lib/gcc/arm-zephyr-eabi/12.2.0/thumb/v6-m/nofp\libgcc.a(_ctzsi2.o)
                0x0000000000000244                __ctzsi2
 .text          0x0000000000000284       0x40 c:/users/thinm1/zephyr-sdk-0.16.4/arm-zephyr-eabi/bin/../lib/gcc/arm-zephyr-eabi/12.2.0/thumb/v6-m/nofp\libgcc.a(_aeabi_uldivmod.o)
                0x0000000000000284                __aeabi_uldivmod
 .text          0x00000000000002c4       0x18 c:/users/thinm1/zephyr-sdk-0.16.4/arm-zephyr-eabi/bin/../lib/gcc/arm-zephyr-eabi/12.2.0/thumb/v6-m/nofp\libgcc.a(_lshrdi3.o)
                0x00000000000002c4                __lshrdi3
                0x00000000000002c4                __aeabi_llsr
 .text          0x00000000000002dc       0x18 c:/users/thinm1/zephyr-sdk-0.16.4/arm-zephyr-eabi/bin/../lib/gcc/arm-zephyr-eabi/12.2.0/thumb/v6-m/nofp\libgcc.a(_ashldi3.o)
                0x00000000000002dc                __aeabi_llsl
                0x00000000000002dc                __ashldi3
 .text          0x00000000000002f4       0x18 c:/users/thinm1/zephyr-sdk-0.16.4/arm-zephyr-eabi/bin/../lib/gcc/arm-zephyr-eabi/12.2.0/thumb/v6-m/nofp\libgcc.a(_clzdi2.o)
                0x00000000000002f4                __clzdi2
 .text          0x000000000000030c       0x44 c:/users/thinm1/zephyr-sdk-0.16.4/arm-zephyr-eabi/bin/../lib/gcc/arm-zephyr-eabi/12.2.0/thumb/v6-m/nofp\libgcc.a(_muldi3.o)
                0x000000000000030c                __muldi3
                0x000000000000030c                __aeabi_lmul
 .text          0x0000000000000350       0xde c:/users/thinm1/zephyr-sdk-0.16.4/arm-zephyr-eabi/bin/../lib/gcc/arm-zephyr-eabi/12.2.0/thumb/v6-m/nofp\libgcc.a(_udivmoddi4.o)
                0x0000000000000350                __udivmoddi4
 *(SORT_BY_ALIGNMENT(.text.*))
 *fill*         0x000000000000042e        0x2 
 .text.z_zassert.constprop.0
                0x0000000000000430       0x50 app/libapp.a(main.c.obj)
 .text._custom_lib_test_get_value_wrapper
                0x0000000000000480      0x138 app/libapp.a(main.c.obj)
 .text.char_out
                0x00000000000005b8       0x10 zephyr/libzephyr.a(printk.c.obj)
 .text.__printk_hook_install
                0x00000000000005c8        0xc zephyr/libzephyr.a(printk.c.obj)
                0x00000000000005c8                __printk_hook_install
 .text.vprintk  0x00000000000005d4       0x18 zephyr/libzephyr.a(printk.c.obj)
                0x00000000000005d4                vprintk
 .text.z_cbvprintf_impl
                0x00000000000005ec      0x728 zephyr/libzephyr.a(cbprintf_complete.c.obj)
                0x00000000000005ec                z_cbvprintf_impl
 .text.z_arm_platform_init
                0x0000000000000d14        0x8 zephyr/libzephyr.a(soc_nrf_common.S.obj)
                0x0000000000000d14                z_arm_platform_init
 .text.timer0_nrf_isr
                0x0000000000000d1c       0x3c zephyr/libzephyr.a(nrf_timer_timer.c.obj)
                0x0000000000000d1c                timer0_nrf_isr
 .text.sys_clock_driver_init
                0x0000000000000d58       0x60 zephyr/libzephyr.a(nrf_timer_timer.c.obj)
 .text.sys_clock_set_timeout
                0x0000000000000db8       0xf8 zephyr/libzephyr.a(nrf_timer_timer.c.obj)
                0x0000000000000db8                sys_clock_set_timeout
 .text.sys_clock_elapsed
                0x0000000000000eb0       0xb4 zephyr/libzephyr.a(nrf_timer_timer.c.obj)
                0x0000000000000eb0                sys_clock_elapsed
 .text.sys_clock_cycle_get_32
                0x0000000000000f64       0xa0 zephyr/libzephyr.a(nrf_timer_timer.c.obj)
                0x0000000000000f64                sys_clock_cycle_get_32
 .text.pm_state_notify
                0x0000000000001004       0xbc zephyr/libzephyr.a(pm.c.obj)
 .text.pm_system_resume
                0x00000000000010c0       0x64 zephyr/libzephyr.a(pm.c.obj)
                0x00000000000010c0                pm_system_resume
 .text.pm_system_suspend
                0x0000000000001124      0x16c zephyr/libzephyr.a(pm.c.obj)
                0x0000000000001124                pm_system_suspend
 .text.pm_policy_next_state
                0x0000000000001290       0xd0 zephyr/libzephyr.a(policy.c.obj)
                0x0000000000001290                pm_policy_next_state
 .text.pm_state_cpu_get_all
                0x0000000000001360       0x10 zephyr/libzephyr.a(state.c.obj)
                0x0000000000001360                pm_state_cpu_get_all
 .text.z_arm_cpu_idle_init
                0x0000000000001370        0xc zephyr/arch/arch/arm/core/aarch32/libarch__arm__core__aarch32.a(cpu_idle.S.obj)
                0x0000000000001370                z_arm_cpu_idle_init
 .text.arch_cpu_idle
                0x000000000000137c       0x10 zephyr/arch/arch/arm/core/aarch32/libarch__arm__core__aarch32.a(cpu_idle.S.obj)
                0x000000000000137c                arch_cpu_idle
 .text.z_arm_fatal_error
                0x000000000000138c       0x58 zephyr/arch/arch/arm/core/aarch32/libarch__arm__core__aarch32.a(fatal.c.obj)
                0x000000000000138c                z_arm_fatal_error
 .text.arch_irq_enable
                0x00000000000013e4       0x18 zephyr/arch/arch/arm/core/aarch32/libarch__arm__core__aarch32.a(irq_manage.c.obj)
                0x00000000000013e4                arch_irq_enable
 .text.arch_irq_is_enabled
                0x00000000000013fc       0x1c zephyr/arch/arch/arm/core/aarch32/libarch__arm__core__aarch32.a(irq_manage.c.obj)
                0x00000000000013fc                arch_irq_is_enabled
 .text.z_arm_irq_priority_set
                0x0000000000001418       0x88 zephyr/arch/arch/arm/core/aarch32/libarch__arm__core__aarch32.a(irq_manage.c.obj)
                0x0000000000001418                z_arm_irq_priority_set
 .text.z_SysNmiOnReset
                0x00000000000014a0        0x4 zephyr/arch/arch/arm/core/aarch32/libarch__arm__core__aarch32.a(nmi_on_reset.S.obj)
                0x00000000000014a0                z_SysNmiOnReset
 .text.arch_swap
                0x00000000000014a4       0x38 zephyr/arch/arch/arm/core/aarch32/libarch__arm__core__aarch32.a(swap.c.obj)
                0x00000000000014a4                arch_swap
 .text.z_arm_pendsv
                0x00000000000014dc       0x68 zephyr/arch/arch/arm/core/aarch32/libarch__arm__core__aarch32.a(swap_helper.S.obj)
                0x00000000000014dc                z_arm_pendsv
 .text.z_arm_svc
                0x0000000000001544       0x24 zephyr/arch/arch/arm/core/aarch32/libarch__arm__core__aarch32.a(swap_helper.S.obj)
                0x0000000000001544                z_arm_svc
 .text.arch_new_thread
                0x0000000000001568       0x30 zephyr/arch/arch/arm/core/aarch32/libarch__arm__core__aarch32.a(thread.c.obj)
                0x0000000000001568                arch_new_thread
 .text.arch_switch_to_main_thread
                0x0000000000001598       0x20 zephyr/arch/arch/arm/core/aarch32/libarch__arm__core__aarch32.a(thread.c.obj)
                0x0000000000001598                arch_switch_to_main_thread
 .text._isr_wrapper
                0x00000000000015b8       0x40 zephyr/arch/arch/arm/core/aarch32/libarch__arm__core__aarch32.a(isr_wrapper.S.obj)
                0x00000000000015b8                _isr_wrapper
 .text._HandlerModeExit
                0x00000000000015f8       0x20 zephyr/arch/arch/arm/core/aarch32/cortex_m/libarch__arm__core__aarch32__cortex_m.a(exc_exit.S.obj)
                0x00000000000015f8                z_arm_int_exit
                0x00000000000015f8                z_arm_exc_exit
 .text.z_arm_fault
                0x0000000000001618       0xfc zephyr/arch/arch/arm/core/aarch32/cortex_m/libarch__arm__core__aarch32__cortex_m.a(fault.c.obj)
                0x0000000000001618                z_arm_fault
 .text.__fault  0x0000000000001714       0x14 zephyr/arch/arch/arm/core/aarch32/cortex_m/libarch__arm__core__aarch32__cortex_m.a(fault_s.S.obj)
                0x0000000000001714                z_arm_hard_fault
                0x0000000000001714                z_arm_exc_spurious
 .text.z_arm_interrupt_init
                0x0000000000001728       0x30 zephyr/arch/arch/arm/core/aarch32/cortex_m/libarch__arm__core__aarch32__cortex_m.a(irq_init.c.obj)
                0x0000000000001728                z_arm_interrupt_init
 .text._reset_section
                0x0000000000001758       0x2c zephyr/arch/arch/arm/core/aarch32/cortex_m/libarch__arm__core__aarch32__cortex_m.a(reset.S.obj)
                0x0000000000001758                __start
                0x0000000000001758                z_arm_reset
 .text.z_impl_k_thread_abort
                0x0000000000001784       0x38 zephyr/arch/arch/arm/core/aarch32/cortex_m/libarch__arm__core__aarch32__cortex_m.a(thread_abort.c.obj)
                0x0000000000001784                z_impl_k_thread_abort
 .text.__stdout_hook_install
                0x00000000000017bc        0xc zephyr/lib/libc/minimal/liblib__libc__minimal.a(stdout_console.c.obj)
                0x00000000000017bc                __stdout_hook_install
 .text.arch_busy_wait
                0x00000000000017c8       0x18 zephyr/soc/arm/nordic_nrf/nrf51/libsoc__arm__nordic_nrf__nrf51.a(soc.c.obj)
                0x00000000000017c8                arch_busy_wait
 .text.ztest_find_test_suite
                0x00000000000017e0       0x2c zephyr/subsys/testsuite/ztest/libsubsys__testsuite__ztest.a(ztest_new.c.obj)
 .text.test_cb  0x000000000000180c       0x58 zephyr/subsys/testsuite/ztest/libsubsys__testsuite__ztest.a(ztest_new.c.obj)
 .text.test_finalize
                0x0000000000001864       0x18 zephyr/subsys/testsuite/ztest/libsubsys__testsuite__ztest.a(ztest_new.c.obj)
 .text.ztest_test_fail
                0x000000000000187c       0x54 zephyr/subsys/testsuite/ztest/libsubsys__testsuite__ztest.a(ztest_new.c.obj)
                0x000000000000187c                ztest_test_fail
 .text.z_ztest_get_next_test
                0x00000000000018d0       0x34 zephyr/subsys/testsuite/ztest/libsubsys__testsuite__ztest.a(ztest_new.c.obj)
                0x00000000000018d0                z_ztest_get_next_test
 .text.z_ztest_run_test_suite_ptr
                0x0000000000001904      0x2d4 zephyr/subsys/testsuite/ztest/libsubsys__testsuite__ztest.a(ztest_new.c.obj)
 .text.z_impl_ztest_run_test_suites
                0x0000000000001bd8       0x88 zephyr/subsys/testsuite/ztest/libsubsys__testsuite__ztest.a(ztest_new.c.obj)
                0x0000000000001bd8                z_impl_ztest_run_test_suites
 .text.ztest_verify_all_test_suites_ran
                0x0000000000001c60       0x9c zephyr/subsys/testsuite/ztest/libsubsys__testsuite__ztest.a(ztest_new.c.obj)
                0x0000000000001c60                ztest_verify_all_test_suites_ran
 .text.ztest_run_all
                0x0000000000001cfc       0x10 zephyr/subsys/testsuite/ztest/libsubsys__testsuite__ztest.a(ztest_new.c.obj)
                0x0000000000001cfc                ztest_run_all
 .text.main     0x0000000000001d0c      0x1d8 zephyr/subsys/testsuite/ztest/libsubsys__testsuite__ztest.a(ztest_new.c.obj)
                0x0000000000001d0c                main
 .text.onoff_start
                0x0000000000001ee4       0x30 zephyr/drivers/clock_control/libdrivers__clock_control.a(clock_control_nrf.c.obj)
 .text.get_status
                0x0000000000001f14       0x3c zephyr/drivers/clock_control/libdrivers__clock_control.a(clock_control_nrf.c.obj)
 .text.stop     0x0000000000001f50       0x88 zephyr/drivers/clock_control/libdrivers__clock_control.a(clock_control_nrf.c.obj)
 .text.onoff_stop
                0x0000000000001fd8       0x24 zephyr/drivers/clock_control/libdrivers__clock_control.a(clock_control_nrf.c.obj)
 .text.clk_init
                0x0000000000001ffc       0x5c zephyr/drivers/clock_control/libdrivers__clock_control.a(clock_control_nrf.c.obj)
 .text.api_blocking_start
                0x0000000000002058       0x30 zephyr/drivers/clock_control/libdrivers__clock_control.a(clock_control_nrf.c.obj)
 .text.generic_hfclk_stop
                0x0000000000002088       0x30 zephyr/drivers/clock_control/libdrivers__clock_control.a(clock_control_nrf.c.obj)
 .text.clkstarted_handle.constprop.0
                0x00000000000020b8       0x34 zephyr/drivers/clock_control/libdrivers__clock_control.a(clock_control_nrf.c.obj)
 .text.clock_event_handler
                0x00000000000020ec       0x64 zephyr/drivers/clock_control/libdrivers__clock_control.a(clock_control_nrf.c.obj)
 .text.generic_hfclk_start
                0x0000000000002150       0x5c zephyr/drivers/clock_control/libdrivers__clock_control.a(clock_control_nrf.c.obj)
 .text.uart_console_init
                0x00000000000021ac       0x2c zephyr/drivers/console/libdrivers__console.a(uart_console.c.obj)
 .text.console_out
                0x00000000000021d8       0x28 zephyr/drivers/console/libdrivers__console.a(uart_console.c.obj)
 .text.gpio_nrfx_port_set_masked_raw
                0x0000000000002200       0x1c zephyr/drivers/gpio/libdrivers__gpio.a(gpio_nrfx.c.obj)
 .text.gpio_nrfx_port_clear_bits_raw
                0x000000000000221c       0x10 zephyr/drivers/gpio/libdrivers__gpio.a(gpio_nrfx.c.obj)
 .text.gpio_nrfx_port_toggle_bits
                0x000000000000222c       0x24 zephyr/drivers/gpio/libdrivers__gpio.a(gpio_nrfx.c.obj)
 .text.gpio_nrfx_manage_callback
                0x0000000000002250       0xb0 zephyr/drivers/gpio/libdrivers__gpio.a(gpio_nrfx.c.obj)
 .text.gpio_nrfx_pin_interrupt_configure
                0x0000000000002300      0x130 zephyr/drivers/gpio/libdrivers__gpio.a(gpio_nrfx.c.obj)
 .text.gpio_nrfx_init
                0x0000000000002430       0x38 zephyr/drivers/gpio/libdrivers__gpio.a(gpio_nrfx.c.obj)
 .text.nrfx_gpio_handler
                0x0000000000002468       0x70 zephyr/drivers/gpio/libdrivers__gpio.a(gpio_nrfx.c.obj)
 .text.gpio_nrfx_pin_configure
                0x00000000000024d8      0x174 zephyr/drivers/gpio/libdrivers__gpio.a(gpio_nrfx.c.obj)
 .text.nrf_gpio_pin_port_decode
                0x000000000000264c       0x58 zephyr/drivers/pinctrl/libdrivers__pinctrl.a(pinctrl_nrf.c.obj)
 .text.pinctrl_configure_pins
                0x00000000000026a4       0xc8 zephyr/drivers/pinctrl/libdrivers__pinctrl.a(pinctrl_nrf.c.obj)
                0x00000000000026a4                pinctrl_configure_pins
 .text.uart_nrfx_poll_in
                0x000000000000276c       0x28 zephyr/drivers/serial/libdrivers__serial.a(uart_nrfx_uart.c.obj)
 .text.uart_nrfx_err_check
                0x0000000000002794       0x10 zephyr/drivers/serial/libdrivers__serial.a(uart_nrfx_uart.c.obj)
 .text.uart_nrfx_configure
                0x00000000000027a4      0x18c zephyr/drivers/serial/libdrivers__serial.a(uart_nrfx_uart.c.obj)
 .text.uart_nrfx_poll_out
                0x0000000000002930       0x80 zephyr/drivers/serial/libdrivers__serial.a(uart_nrfx_uart.c.obj)
 .text.uart_nrfx_init
                0x00000000000029b0       0x58 zephyr/drivers/serial/libdrivers__serial.a(uart_nrfx_uart.c.obj)
 .text.SystemInit
                0x0000000000002a08       0xac modules/hal_nordic/nrfx/libmodules__hal_nordic__nrfx.a(system_nrf51.c.obj)
                0x0000000000002a08                SystemInit
 .text.nrfx_flag32_alloc
                0x0000000000002ab4       0x40 modules/hal_nordic/nrfx/libmodules__hal_nordic__nrfx.a(nrfx_flag32_allocator.c.obj)
                0x0000000000002ab4                nrfx_flag32_alloc
 .text.nrfx_flag32_free
                0x0000000000002af4       0x30 modules/hal_nordic/nrfx/libmodules__hal_nordic__nrfx.a(nrfx_flag32_allocator.c.obj)
                0x0000000000002af4                nrfx_flag32_free
 .text.clock_stop
                0x0000000000002b24      0x104 modules/hal_nordic/nrfx/libmodules__hal_nordic__nrfx.a(nrfx_clock.c.obj)
 .text.nrfx_clock_init
                0x0000000000002c28       0x50 modules/hal_nordic/nrfx/libmodules__hal_nordic__nrfx.a(nrfx_clock.c.obj)
                0x0000000000002c28                nrfx_clock_init
 .text.nrfx_clock_enable
                0x0000000000002c78       0x50 modules/hal_nordic/nrfx/libmodules__hal_nordic__nrfx.a(nrfx_clock.c.obj)
                0x0000000000002c78                nrfx_clock_enable
 .text.nrfx_clock_start
                0x0000000000002cc8       0xd8 modules/hal_nordic/nrfx/libmodules__hal_nordic__nrfx.a(nrfx_clock.c.obj)
                0x0000000000002cc8                nrfx_clock_start
 .text.nrfx_clock_stop
                0x0000000000002da0       0x3c modules/hal_nordic/nrfx/libmodules__hal_nordic__nrfx.a(nrfx_clock.c.obj)
                0x0000000000002da0                nrfx_clock_stop
 .text.nrfx_power_clock_irq_handler
                0x0000000000002ddc       0x6c modules/hal_nordic/nrfx/libmodules__hal_nordic__nrfx.a(nrfx_clock.c.obj)
                0x0000000000002ddc                nrfx_power_clock_irq_handler
 .text.pin_in_use_by_te
                0x0000000000002e48       0x14 modules/hal_nordic/nrfx/libmodules__hal_nordic__nrfx.a(nrfx_gpiote.c.obj)
 .text.pin_is_output
                0x0000000000002e5c       0x14 modules/hal_nordic/nrfx/libmodules__hal_nordic__nrfx.a(nrfx_gpiote.c.obj)
 .text.call_handler
                0x0000000000002e70       0x38 modules/hal_nordic/nrfx/libmodules__hal_nordic__nrfx.a(nrfx_gpiote.c.obj)
 .text.release_handler
                0x0000000000002ea8       0x84 modules/hal_nordic/nrfx/libmodules__hal_nordic__nrfx.a(nrfx_gpiote.c.obj)
 .text.nrf_gpio_pin_present_check
                0x0000000000002f2c       0x3c modules/hal_nordic/nrfx/libmodules__hal_nordic__nrfx.a(nrfx_gpiote.c.obj)
 .text.nrf_gpio_pin_port_decode
                0x0000000000002f68       0x60 modules/hal_nordic/nrfx/libmodules__hal_nordic__nrfx.a(nrfx_gpiote.c.obj)
 .text.nrf_gpiote_in_event_get
                0x0000000000002fc8       0x34 modules/hal_nordic/nrfx/libmodules__hal_nordic__nrfx.a(nrfx_gpiote.c.obj)
 .text.__nrfy_internal_gpiote_events_process.constprop.0
                0x0000000000002ffc       0x58 modules/hal_nordic/nrfx/libmodules__hal_nordic__nrfx.a(nrfx_gpiote.c.obj)
 .text.nrfx_gpiote_input_configure
                0x0000000000003054      0x19c modules/hal_nordic/nrfx/libmodules__hal_nordic__nrfx.a(nrfx_gpiote.c.obj)
                0x0000000000003054                nrfx_gpiote_input_configure
 .text.nrfx_gpiote_output_configure
                0x00000000000031f0       0xf8 modules/hal_nordic/nrfx/libmodules__hal_nordic__nrfx.a(nrfx_gpiote.c.obj)
                0x00000000000031f0                nrfx_gpiote_output_configure
 .text.nrfx_gpiote_global_callback_set
                0x00000000000032e8        0xc modules/hal_nordic/nrfx/libmodules__hal_nordic__nrfx.a(nrfx_gpiote.c.obj)
                0x00000000000032e8                nrfx_gpiote_global_callback_set
 .text.nrfx_gpiote_channel_get
                0x00000000000032f4       0x58 modules/hal_nordic/nrfx/libmodules__hal_nordic__nrfx.a(nrfx_gpiote.c.obj)
                0x00000000000032f4                nrfx_gpiote_channel_get
 .text.nrfx_gpiote_init
                0x000000000000334c       0x7c modules/hal_nordic/nrfx/libmodules__hal_nordic__nrfx.a(nrfx_gpiote.c.obj)
                0x000000000000334c                nrfx_gpiote_init
 .text.nrfx_gpiote_is_init
                0x00000000000033c8       0x10 modules/hal_nordic/nrfx/libmodules__hal_nordic__nrfx.a(nrfx_gpiote.c.obj)
                0x00000000000033c8                nrfx_gpiote_is_init
 .text.nrfx_gpiote_channel_free
                0x00000000000033d8       0x14 modules/hal_nordic/nrfx/libmodules__hal_nordic__nrfx.a(nrfx_gpiote.c.obj)
                0x00000000000033d8                nrfx_gpiote_channel_free
 .text.nrfx_gpiote_channel_alloc
                0x00000000000033ec       0x14 modules/hal_nordic/nrfx/libmodules__hal_nordic__nrfx.a(nrfx_gpiote.c.obj)
                0x00000000000033ec                nrfx_gpiote_channel_alloc
 .text.nrfx_gpiote_trigger_enable
                0x0000000000003400       0xd8 modules/hal_nordic/nrfx/libmodules__hal_nordic__nrfx.a(nrfx_gpiote.c.obj)
                0x0000000000003400                nrfx_gpiote_trigger_enable
 .text.nrfx_gpiote_trigger_disable
                0x00000000000034d8       0x50 modules/hal_nordic/nrfx/libmodules__hal_nordic__nrfx.a(nrfx_gpiote.c.obj)
                0x00000000000034d8                nrfx_gpiote_trigger_disable
 .text.nrfx_gpiote_pin_uninit
                0x0000000000003528       0x98 modules/hal_nordic/nrfx/libmodules__hal_nordic__nrfx.a(nrfx_gpiote.c.obj)
                0x0000000000003528                nrfx_gpiote_pin_uninit
 .text.nrfx_gpiote_irq_handler
                0x00000000000035c0      0x194 modules/hal_nordic/nrfx/libmodules__hal_nordic__nrfx.a(nrfx_gpiote.c.obj)
                0x00000000000035c0                nrfx_gpiote_irq_handler
 .text.z_device_state_init
                0x0000000000003754       0x48 zephyr/kernel/libkernel.a(device.c.obj)
                0x0000000000003754                z_device_state_init
 .text.k_sys_fatal_error_handler
                0x000000000000379c       0x18 zephyr/kernel/libkernel.a(fatal.c.obj)
                0x000000000000379c                k_sys_fatal_error_handler
 .text.z_fatal_error
                0x00000000000037b4       0xac zephyr/kernel/libkernel.a(fatal.c.obj)
                0x00000000000037b4                z_fatal_error
 .text.z_sys_init_run_level
                0x0000000000003860       0x54 zephyr/kernel/libkernel.a(init.c.obj)
 .text.bg_thread_main
                0x00000000000038b4       0x34 zephyr/kernel/libkernel.a(init.c.obj)
 .text.z_bss_zero
                0x00000000000038e8       0x18 zephyr/kernel/libkernel.a(init.c.obj)
                0x00000000000038e8                z_bss_zero
 .text.z_init_cpu
                0x0000000000003900       0x70 zephyr/kernel/libkernel.a(init.c.obj)
                0x0000000000003900                z_init_cpu
 .text.z_cstart
                0x0000000000003970       0xb0 zephyr/kernel/libkernel.a(init.c.obj)
                0x0000000000003970                z_cstart
 .text.z_impl_k_thread_name_set
                0x0000000000003a20       0x20 zephyr/kernel/libkernel.a(thread.c.obj)
                0x0000000000003a20                z_impl_k_thread_name_set
 .text.z_setup_new_thread
                0x0000000000003a40       0xc8 zephyr/kernel/libkernel.a(thread.c.obj)
                0x0000000000003a40                z_setup_new_thread
 .text.z_impl_k_thread_create
                0x0000000000003b08       0x90 zephyr/kernel/libkernel.a(thread.c.obj)
                0x0000000000003b08                z_impl_k_thread_create
 .text.z_init_static_threads
                0x0000000000003b98       0xf8 zephyr/kernel/libkernel.a(thread.c.obj)
                0x0000000000003b98                z_init_static_threads
 .text.z_spin_lock_valid
                0x0000000000003c90       0x20 zephyr/kernel/libkernel.a(thread.c.obj)
                0x0000000000003c90                z_spin_lock_valid
 .text.z_spin_unlock_valid
                0x0000000000003cb0       0x1c zephyr/kernel/libkernel.a(thread.c.obj)
                0x0000000000003cb0                z_spin_unlock_valid
 .text.z_spin_lock_set_owner
                0x0000000000003ccc       0x10 zephyr/kernel/libkernel.a(thread.c.obj)
                0x0000000000003ccc                z_spin_lock_set_owner
 .text.idle     0x0000000000003cdc       0x58 zephyr/kernel/libkernel.a(idle.c.obj)
                0x0000000000003cdc                idle
 .text.z_impl_k_sem_give
                0x0000000000003d34       0xb4 zephyr/kernel/libkernel.a(sem.c.obj)
                0x0000000000003d34                z_impl_k_sem_give
 .text.z_impl_k_sem_take
                0x0000000000003de8      0x100 zephyr/kernel/libkernel.a(sem.c.obj)
                0x0000000000003de8                z_impl_k_sem_take
 .text.sliceable
                0x0000000000003ee8       0x40 zephyr/kernel/libkernel.a(sched.c.obj)
 .text.slice_timeout
                0x0000000000003f28       0x6c zephyr/kernel/libkernel.a(sched.c.obj)
 .text.z_reset_time_slice
                0x0000000000003f94       0x4c zephyr/kernel/libkernel.a(sched.c.obj)
                0x0000000000003f94                z_reset_time_slice
 .text.update_cache
                0x0000000000003fe0       0x74 zephyr/kernel/libkernel.a(sched.c.obj)
 .text.ready_thread
                0x0000000000004054       0x98 zephyr/kernel/libkernel.a(sched.c.obj)
 .text.z_ready_thread
                0x00000000000040ec       0x8c zephyr/kernel/libkernel.a(sched.c.obj)
                0x00000000000040ec                z_ready_thread
 .text.z_reschedule
                0x0000000000004178       0x90 zephyr/kernel/libkernel.a(sched.c.obj)
                0x0000000000004178                z_reschedule
 .text.z_sched_start
                0x0000000000004208       0xa4 zephyr/kernel/libkernel.a(sched.c.obj)
                0x0000000000004208                z_sched_start
 .text.k_sched_lock
                0x00000000000042ac       0xe0 zephyr/kernel/libkernel.a(sched.c.obj)
                0x00000000000042ac                k_sched_lock
 .text.k_sched_unlock
                0x000000000000438c       0xf0 zephyr/kernel/libkernel.a(sched.c.obj)
                0x000000000000438c                k_sched_unlock
 .text.z_priq_dumb_remove
                0x000000000000447c       0x44 zephyr/kernel/libkernel.a(sched.c.obj)
                0x000000000000447c                z_priq_dumb_remove
 .text.move_thread_to_end_of_prio_q
                0x00000000000044c0       0xa8 zephyr/kernel/libkernel.a(sched.c.obj)
 .text.z_time_slice
                0x0000000000004568       0xc8 zephyr/kernel/libkernel.a(sched.c.obj)
                0x0000000000004568                z_time_slice
 .text.unready_thread
                0x0000000000004630       0x34 zephyr/kernel/libkernel.a(sched.c.obj)
 .text.add_to_waitq_locked
                0x0000000000004664       0x80 zephyr/kernel/libkernel.a(sched.c.obj)
 .text.pend_locked
                0x00000000000046e4       0x2c zephyr/kernel/libkernel.a(sched.c.obj)
 .text.z_pend_curr
                0x0000000000004710       0xec zephyr/kernel/libkernel.a(sched.c.obj)
                0x0000000000004710                z_pend_curr
 .text.z_impl_k_thread_suspend
                0x00000000000047fc       0xcc zephyr/kernel/libkernel.a(sched.c.obj)
                0x00000000000047fc                z_impl_k_thread_suspend
 .text.unpend_thread_no_timeout
                0x00000000000048c8       0x44 zephyr/kernel/libkernel.a(sched.c.obj)
 .text.z_sched_wake_thread
                0x000000000000490c       0xb0 zephyr/kernel/libkernel.a(sched.c.obj)
                0x000000000000490c                z_sched_wake_thread
 .text.z_unpend_first_thread
                0x00000000000049bc       0xa4 zephyr/kernel/libkernel.a(sched.c.obj)
                0x00000000000049bc                z_unpend_first_thread
 .text.z_sched_init
                0x0000000000004a60       0x14 zephyr/kernel/libkernel.a(sched.c.obj)
                0x0000000000004a60                z_sched_init
 .text.z_impl_k_yield
                0x0000000000004a74      0x13c zephyr/kernel/libkernel.a(sched.c.obj)
                0x0000000000004a74                z_impl_k_yield
 .text.z_tick_sleep
                0x0000000000004bb0      0x158 zephyr/kernel/libkernel.a(sched.c.obj)
 .text.z_impl_k_sleep
                0x0000000000004d08       0x6c zephyr/kernel/libkernel.a(sched.c.obj)
                0x0000000000004d08                z_impl_k_sleep
 .text.z_impl_z_current_get
                0x0000000000004d74        0xc zephyr/kernel/libkernel.a(sched.c.obj)
                0x0000000000004d74                z_impl_z_current_get
 .text.z_thread_abort
                0x0000000000004d80      0x1a4 zephyr/kernel/libkernel.a(sched.c.obj)
                0x0000000000004d80                z_thread_abort
 .text.z_impl_k_thread_join
                0x0000000000004f24      0x14c zephyr/kernel/libkernel.a(sched.c.obj)
                0x0000000000004f24                z_impl_k_thread_join
 .text.z_data_copy
                0x0000000000005070       0x34 zephyr/kernel/libkernel.a(xip.c.obj)
                0x0000000000005070                z_data_copy
 .text.elapsed  0x00000000000050a4       0x18 zephyr/kernel/libkernel.a(timeout.c.obj)
 .text.next_timeout
                0x00000000000050bc       0x44 zephyr/kernel/libkernel.a(timeout.c.obj)
 .text.remove_timeout
                0x0000000000005100       0x38 zephyr/kernel/libkernel.a(timeout.c.obj)
 .text.z_add_timeout
                0x0000000000005138      0x17c zephyr/kernel/libkernel.a(timeout.c.obj)
                0x0000000000005138                z_add_timeout
 .text.z_abort_timeout
                0x00000000000052b4       0x9c zephyr/kernel/libkernel.a(timeout.c.obj)
                0x00000000000052b4                z_abort_timeout
 .text.z_get_next_timeout_expiry
                0x0000000000005350       0x8c zephyr/kernel/libkernel.a(timeout.c.obj)
                0x0000000000005350                z_get_next_timeout_expiry
 .text.sys_clock_announce
                0x00000000000053dc      0x16c zephyr/kernel/libkernel.a(timeout.c.obj)
                0x00000000000053dc                sys_clock_announce
 .text.sys_clock_tick_get
                0x0000000000005548       0xa0 zephyr/kernel/libkernel.a(timeout.c.obj)
                0x0000000000005548                sys_clock_tick_get
 .text.z_impl_atomic_cas
                0x00000000000055e8       0x9c zephyr/kernel/libkernel.a(atomic_c.c.obj)
                0x00000000000055e8                z_impl_atomic_cas
 .text.z_impl_atomic_or
                0x0000000000005684       0x94 zephyr/kernel/libkernel.a(atomic_c.c.obj)
                0x0000000000005684                z_impl_atomic_or
 .text.z_impl_atomic_and
                0x0000000000005718       0x94 zephyr/kernel/libkernel.a(atomic_c.c.obj)
                0x0000000000005718                z_impl_atomic_and
 .text.boot_banner
                0x00000000000057ac       0x10 zephyr/kernel/libkernel.a(banner.c.obj)
                0x00000000000057ac                boot_banner
 .text._OffsetAbsSyms
                0x00000000000057bc        0x2 zephyr/CMakeFiles/offsets.dir/./arch/arm/core/offsets/offsets.c.obj
                0x00000000000057bc                _OffsetAbsSyms
 .text.arch_printk_char_out
                0x00000000000057be        0x4 zephyr/libzephyr.a(printk.c.obj)
                0x00000000000057be                arch_printk_char_out
 .text.printk   0x00000000000057c2       0x16 zephyr/libzephyr.a(printk.c.obj)
                0x00000000000057c2                printk
 .text.z_thread_entry
                0x00000000000057d8       0x14 zephyr/libzephyr.a(thread_entry.c.obj)
                0x00000000000057d8                z_thread_entry
 .text.onoff_manager_init
                0x00000000000057ec       0x2e zephyr/libzephyr.a(onoff.c.obj)
                0x00000000000057ec                onoff_manager_init
 .text.encode_uint
                0x000000000000581a       0x9a zephyr/libzephyr.a(cbprintf_complete.c.obj)
 .text.outs     0x00000000000058b4       0x2c zephyr/libzephyr.a(cbprintf_complete.c.obj)
 .text.assert_post_action
                0x00000000000058e0        0x8 zephyr/libzephyr.a(assert.c.obj)
                0x00000000000058e0                assert_post_action
 .text.assert_print
                0x00000000000058e8       0x16 zephyr/libzephyr.a(assert.c.obj)
                0x00000000000058e8                assert_print
 .text._ConfigAbsSyms
                0x00000000000058fe        0x2 zephyr/libzephyr.a(configs.c.obj)
                0x00000000000058fe                _ConfigAbsSyms
 .text.z_log_minimal_printk
                0x0000000000005900       0x16 zephyr/libzephyr.a(log_minimal.c.obj)
                0x0000000000005900                z_log_minimal_printk
 .text.z_do_kernel_oops
                0x0000000000005916        0xc zephyr/arch/arch/arm/core/aarch32/libarch__arm__core__aarch32.a(fatal.c.obj)
                0x0000000000005916                z_do_kernel_oops
 .text.z_irq_spurious
                0x0000000000005922        0xc zephyr/arch/arch/arm/core/aarch32/libarch__arm__core__aarch32.a(irq_manage.c.obj)
                0x0000000000005922                z_irq_spurious
 .text.z_arm_nmi
                0x000000000000592e        0xc zephyr/arch/arch/arm/core/aarch32/libarch__arm__core__aarch32.a(nmi.c.obj)
                0x000000000000592e                z_arm_nmi
 .text.relocate_vector_table
                0x000000000000593a        0x2 zephyr/arch/arch/arm/core/aarch32/libarch__arm__core__aarch32.a(prep_c.c.obj)
                0x000000000000593a                relocate_vector_table
 .text.z_arm_prep_c
                0x000000000000593c       0x16 zephyr/arch/arch/arm/core/aarch32/libarch__arm__core__aarch32.a(prep_c.c.obj)
                0x000000000000593c                z_arm_prep_c
 .text.z_arm_fault_init
                0x0000000000005952        0x2 zephyr/arch/arch/arm/core/aarch32/cortex_m/libarch__arm__core__aarch32__cortex_m.a(fault.c.obj)
                0x0000000000005952                z_arm_fault_init
 .text.strncpy  0x0000000000005954       0x2c zephyr/lib/libc/minimal/liblib__libc__minimal.a(string.c.obj)
                0x0000000000005954                strncpy
 .text.strlen   0x0000000000005980       0x10 zephyr/lib/libc/minimal/liblib__libc__minimal.a(string.c.obj)
                0x0000000000005980                strlen
 .text.strcmp   0x0000000000005990       0x16 zephyr/lib/libc/minimal/liblib__libc__minimal.a(string.c.obj)
                0x0000000000005990                strcmp
 .text.memcpy   0x00000000000059a6       0x12 zephyr/lib/libc/minimal/liblib__libc__minimal.a(string.c.obj)
                0x00000000000059a6                memcpy
 .text.memset   0x00000000000059b8       0x12 zephyr/lib/libc/minimal/liblib__libc__minimal.a(string.c.obj)
                0x00000000000059b8                memset
 .text._stdout_hook_default
                0x00000000000059ca        0x6 zephyr/lib/libc/minimal/liblib__libc__minimal.a(stdout_console.c.obj)
 .text.strnlen  0x00000000000059d0       0x14 zephyr/lib/libc/common/liblib__libc__common.a(strnlen.c.obj)
                0x00000000000059d0                strnlen
 .text.nordicsemi_nrf51_init
                0x00000000000059e4       0x14 zephyr/soc/arm/nordic_nrf/nrf51/libsoc__arm__nordic_nrf__nrf51.a(soc.c.obj)
 .text.pm_state_set
                0x00000000000059f8       0x1a zephyr/soc/arm/nordic_nrf/nrf51/libsoc__arm__nordic_nrf__nrf51.a(power.c.obj)
                0x00000000000059f8                pm_state_set
 .text.pm_state_exit_post_ops
                0x0000000000005a12        0x8 zephyr/soc/arm/nordic_nrf/nrf51/libsoc__arm__nordic_nrf__nrf51.a(power.c.obj)
                0x0000000000005a12                pm_state_exit_post_ops
 .text.test_main
                0x0000000000005a1a        0xe zephyr/subsys/testsuite/ztest/libsubsys__testsuite__ztest.a(ztest_new.c.obj)
                0x0000000000005a1a                test_main
 .text.z_ztest_should_suite_run
                0x0000000000005a28       0x12 zephyr/subsys/testsuite/ztest/libsubsys__testsuite__ztest.a(ztest_defaults.c.obj)
                0x0000000000005a28                z_ztest_should_suite_run
 .text.z_ztest_should_test_run
                0x0000000000005a3a        0x4 zephyr/subsys/testsuite/ztest/libsubsys__testsuite__ztest.a(ztest_defaults.c.obj)
                0x0000000000005a3a                z_ztest_should_test_run
 .text.z_ztest_run_all
                0x0000000000005a3e        0x8 zephyr/subsys/testsuite/ztest/libsubsys__testsuite__ztest.a(ztest_defaults.c.obj)
                0x0000000000005a3e                z_ztest_run_all
 .text.ztest_relative_filename
                0x0000000000005a46        0x2 zephyr/subsys/testsuite/ztest/libsubsys__testsuite__ztest.a(ztest_defaults.c.obj)
                0x0000000000005a46                ztest_relative_filename
 .text.async_start
                0x0000000000005a48       0x6e zephyr/drivers/clock_control/libdrivers__clock_control.a(clock_control_nrf.c.obj)
 .text.api_start
                0x0000000000005ab6        0xc zephyr/drivers/clock_control/libdrivers__clock_control.a(clock_control_nrf.c.obj)
 .text.onoff_started_callback
                0x0000000000005ac2       0x10 zephyr/drivers/clock_control/libdrivers__clock_control.a(clock_control_nrf.c.obj)
 .text.lfclk_start
                0x0000000000005ad2        0xa zephyr/drivers/clock_control/libdrivers__clock_control.a(clock_control_nrf.c.obj)
 .text.lfclk_stop
                0x0000000000005adc        0xa zephyr/drivers/clock_control/libdrivers__clock_control.a(clock_control_nrf.c.obj)
 .text.blocking_start_callback
                0x0000000000005ae6        0xa zephyr/drivers/clock_control/libdrivers__clock_control.a(clock_control_nrf.c.obj)
 .text.api_stop
                0x0000000000005af0        0xa zephyr/drivers/clock_control/libdrivers__clock_control.a(clock_control_nrf.c.obj)
 .text.set_on_state
                0x0000000000005afa       0x1e zephyr/drivers/clock_control/libdrivers__clock_control.a(clock_control_nrf.c.obj)
 .text.gpio_nrfx_port_get_raw
                0x0000000000005b18       0x10 zephyr/drivers/gpio/libdrivers__gpio.a(gpio_nrfx.c.obj)
 .text.gpio_nrfx_port_set_bits_raw
                0x0000000000005b28        0xe zephyr/drivers/gpio/libdrivers__gpio.a(gpio_nrfx.c.obj)
 .text.pinctrl_lookup_state
                0x0000000000005b36       0x26 zephyr/drivers/pinctrl/libdrivers__pinctrl.a(common.c.obj)
                0x0000000000005b36                pinctrl_lookup_state
 .text.uart_nrfx_config_get
                0x0000000000005b5c        0xc zephyr/drivers/serial/libdrivers__serial.a(uart_nrfx_uart.c.obj)
 .text.sys_clock_idle_exit
                0x0000000000005b68        0x2 zephyr/drivers/timer/libdrivers__timer.a(sys_clock_init.c.obj)
                0x0000000000005b68                sys_clock_idle_exit
 .text.custom_lib_get_value
                0x0000000000005b6a        0x2 modules/assignment-10/lib/custom_lib/lib..__assignment-10__lib__custom_lib.a(custom_lib.c.obj)
                0x0000000000005b6a                custom_lib_get_value
 .text.nrfx_isr
                0x0000000000005b6c        0x6 modules/hal_nordic/nrfx/libmodules__hal_nordic__nrfx.a(nrfx_glue.c.obj)
                0x0000000000005b6c                nrfx_isr
 .text.nrfx_busy_wait
                0x0000000000005b72        0x8 modules/hal_nordic/nrfx/libmodules__hal_nordic__nrfx.a(nrfx_glue.c.obj)
                0x0000000000005b72                nrfx_busy_wait
 .text.pin_is_task_output
                0x0000000000005b7a       0x1c modules/hal_nordic/nrfx/libmodules__hal_nordic__nrfx.a(nrfx_gpiote.c.obj)
 .text.nrf_gpio_reconfigure
                0x0000000000005b96       0x9c modules/hal_nordic/nrfx/libmodules__hal_nordic__nrfx.a(nrfx_gpiote.c.obj)
 .text.nrf_gpio_cfg_sense_set
                0x0000000000005c32       0x1a modules/hal_nordic/nrfx/libmodules__hal_nordic__nrfx.a(nrfx_gpiote.c.obj)
 .text.nrf_gpio_pin_sense_get
                0x0000000000005c4c       0x1a modules/hal_nordic/nrfx/libmodules__hal_nordic__nrfx.a(nrfx_gpiote.c.obj)
 .text.nrf_gpio_ports_read.constprop.0
                0x0000000000005c66        0xe modules/hal_nordic/nrfx/libmodules__hal_nordic__nrfx.a(nrfx_gpiote.c.obj)
 .text.z_device_is_ready
                0x0000000000005c74       0x1a zephyr/kernel/libkernel.a(device.c.obj)
                0x0000000000005c74                z_device_is_ready
 .text.arch_system_halt
                0x0000000000005c8e        0x8 zephyr/kernel/libkernel.a(fatal.c.obj)
                0x0000000000005c8e                arch_system_halt
 .text.z_early_memset
                0x0000000000005c96        0x8 zephyr/kernel/libkernel.a(init.c.obj)
                0x0000000000005c96                z_early_memset
 .text.z_early_memcpy
                0x0000000000005c9e        0x8 zephyr/kernel/libkernel.a(init.c.obj)
                0x0000000000005c9e                z_early_memcpy
 .text.k_is_in_isr
                0x0000000000005ca6        0xc zephyr/kernel/libkernel.a(thread.c.obj)
                0x0000000000005ca6                k_is_in_isr
 .text.k_thread_name_get
                0x0000000000005cb2        0x4 zephyr/kernel/libkernel.a(thread.c.obj)
                0x0000000000005cb2                k_thread_name_get
 .text.z_impl_k_thread_start
                0x0000000000005cb6        0x8 zephyr/kernel/libkernel.a(thread.c.obj)
                0x0000000000005cb6                z_impl_k_thread_start
 .text.z_pm_save_idle_exit
                0x0000000000005cbe        0xc zephyr/kernel/libkernel.a(idle.c.obj)
                0x0000000000005cbe                z_pm_save_idle_exit
 .text.z_reschedule_irqlock
                0x0000000000005cca       0x1c zephyr/kernel/libkernel.a(sched.c.obj)
                0x0000000000005cca                z_reschedule_irqlock
 .text.z_reschedule_unlocked
                0x0000000000005ce6        0xe zephyr/kernel/libkernel.a(sched.c.obj)
 .text.z_thread_timeout
                0x0000000000005cf4        0xc zephyr/kernel/libkernel.a(sched.c.obj)
                0x0000000000005cf4                z_thread_timeout
 .text.sys_clock_tick_get_32
                0x0000000000005d00        0x8 zephyr/kernel/libkernel.a(timeout.c.obj)
                0x0000000000005d00                sys_clock_tick_get_32
 .text.z_impl_k_busy_wait
                0x0000000000005d08        0xc zephyr/kernel/libkernel.a(timeout.c.obj)
                0x0000000000005d08                z_impl_k_busy_wait
 *(SORT_BY_ALIGNMENT(.TEXT.*))
 *(SORT_BY_ALIGNMENT(.gnu.linkonce.t.*))
 *(SORT_BY_ALIGNMENT(.glue_7t))
 .glue_7t       0x0000000000005d14        0x0 linker stubs
 *(SORT_BY_ALIGNMENT(.glue_7))
 .glue_7        0x0000000000005d14        0x0 linker stubs
 *(SORT_BY_ALIGNMENT(.vfp11_veneer))
 .vfp11_veneer  0x0000000000005d14        0x0 linker stubs
 *(SORT_BY_ALIGNMENT(.v4_bx))
 .v4_bx         0x0000000000005d14        0x0 linker stubs
                0x0000000000005d14                . = ALIGN (0x4)
                0x0000000000005d14                __text_region_end = .

.ARM.exidx      0x0000000000005d14        0x8
                0x0000000000005d14                __exidx_start = .
 *(SORT_BY_ALIGNMENT(.ARM.exidx*) SORT_BY_ALIGNMENT(gnu.linkonce.armexidx.*))
 .ARM.exidx     0x0000000000005d14        0x8 c:/users/thinm1/zephyr-sdk-0.16.4/arm-zephyr-eabi/bin/../lib/gcc/arm-zephyr-eabi/12.2.0/thumb/v6-m/nofp\libgcc.a(_udivmoddi4.o)
                0x0000000000005d1c                __exidx_end = .
                0x0000000000005d1c                __rodata_region_start = .

initlevel       0x0000000000005d1c       0x30
                0x0000000000005d1c                __init_start = .
                0x0000000000005d1c                __init_EARLY_start = .
 *(SORT_BY_NAME(SORT_BY_ALIGNMENT(.z_init_EARLY?_*)))
 *(SORT_BY_NAME(SORT_BY_ALIGNMENT(.z_init_EARLY??_*)))
                0x0000000000005d1c                __init_PRE_KERNEL_1_start = .
 *(SORT_BY_NAME(SORT_BY_ALIGNMENT(.z_init_PRE_KERNEL_1?_*)))
 .z_init_PRE_KERNEL_10_
                0x0000000000005d1c        0x8 zephyr/soc/arm/nordic_nrf/nrf51/libsoc__arm__nordic_nrf__nrf51.a(soc.c.obj)
 *(SORT_BY_NAME(SORT_BY_ALIGNMENT(.z_init_PRE_KERNEL_1??_*)))
 .z_init_PRE_KERNEL_130_
                0x0000000000005d24        0x8 zephyr/drivers/clock_control/libdrivers__clock_control.a(clock_control_nrf.c.obj)
 .z_init_PRE_KERNEL_140_
                0x0000000000005d2c        0x8 zephyr/drivers/gpio/libdrivers__gpio.a(gpio_nrfx.c.obj)
 .z_init_PRE_KERNEL_155_
                0x0000000000005d34        0x8 zephyr/drivers/serial/libdrivers__serial.a(uart_nrfx_uart.c.obj)
 .z_init_PRE_KERNEL_160_
                0x0000000000005d3c        0x8 zephyr/drivers/console/libdrivers__console.a(uart_console.c.obj)
                0x0000000000005d44                __init_PRE_KERNEL_2_start = .
 *(SORT_BY_NAME(SORT_BY_ALIGNMENT(.z_init_PRE_KERNEL_2?_*)))
 .z_init_PRE_KERNEL_20_
                0x0000000000005d44        0x8 zephyr/libzephyr.a(nrf_timer_timer.c.obj)
 *(SORT_BY_NAME(SORT_BY_ALIGNMENT(.z_init_PRE_KERNEL_2??_*)))
                0x0000000000005d4c                __init_POST_KERNEL_start = .
 *(SORT_BY_NAME(SORT_BY_ALIGNMENT(.z_init_POST_KERNEL?_*)))
 *(SORT_BY_NAME(SORT_BY_ALIGNMENT(.z_init_POST_KERNEL??_*)))
                0x0000000000005d4c                __init_APPLICATION_start = .
 *(SORT_BY_NAME(SORT_BY_ALIGNMENT(.z_init_APPLICATION?_*)))
 *(SORT_BY_NAME(SORT_BY_ALIGNMENT(.z_init_APPLICATION??_*)))
                0x0000000000005d4c                __init_SMP_start = .
 *(SORT_BY_NAME(SORT_BY_ALIGNMENT(.z_init_SMP?_*)))
 *(SORT_BY_NAME(SORT_BY_ALIGNMENT(.z_init_SMP??_*)))
                0x0000000000005d4c                __init_end = .

device_area     0x0000000000005d4c       0x48
                0x0000000000005d4c                _device_list_start = .
 *(SORT_BY_NAME(SORT_BY_ALIGNMENT(._device.static.*_?_*)))
 *(SORT_BY_NAME(SORT_BY_ALIGNMENT(._device.static.*_??_*)))
 ._device.static.1_30_
                0x0000000000005d4c       0x18 zephyr/drivers/clock_control/libdrivers__clock_control.a(clock_control_nrf.c.obj)
                0x0000000000005d4c                __device_dts_ord_17
 ._device.static.1_40_
                0x0000000000005d64       0x18 zephyr/drivers/gpio/libdrivers__gpio.a(gpio_nrfx.c.obj)
                0x0000000000005d64                __device_dts_ord_21
 ._device.static.1_55_
                0x0000000000005d7c       0x18 zephyr/drivers/serial/libdrivers__serial.a(uart_nrfx_uart.c.obj)
                0x0000000000005d7c                __device_dts_ord_44
                0x0000000000005d94                _device_list_end = .

sw_isr_table    0x0000000000005d94       0xd0
                0x0000000000005d94                . = ALIGN (0x4)
 *(SORT_BY_ALIGNMENT(.gnu.linkonce.sw_isr_table*))
 .gnu.linkonce.sw_isr_table
                0x0000000000005d94       0xd0 zephyr/arch/common/libisr_tables.a(isr_tables.c.obj)
                0x0000000000005d94                _sw_isr_table

initlevel_error
                0x0000000000005d1c        0x0
 *(SORT_BY_NAME(SORT_BY_ALIGNMENT(.z_init_[_A-Z0-9]*)))
                0x0000000000000001                ASSERT ((SIZEOF (initlevel_error) == 0x0), Undefined initialization levels used.)

app_shmem_regions
                0x0000000000005e64        0x0
                0x0000000000005e64                __app_shmem_regions_start = .
 *(SORT_BY_NAME(SORT_BY_ALIGNMENT(.app_regions.*)))
                0x0000000000005e64                __app_shmem_regions_end = .

k_p4wq_initparam_area
                0x0000000000005e64        0x0
                0x0000000000005e64                _k_p4wq_initparam_list_start = .
 *(SORT_BY_NAME(SORT_BY_ALIGNMENT(._k_p4wq_initparam.static.*)))
                0x0000000000005e64                _k_p4wq_initparam_list_end = .

_static_thread_data_area
                0x0000000000005e64        0x0
                0x0000000000005e64                __static_thread_data_list_start = .
 *(SORT_BY_NAME(SORT_BY_ALIGNMENT(.__static_thread_data.static.*)))
                0x0000000000005e64                __static_thread_data_list_end = .

device_handles  0x0000000000005e64       0x12
                0x0000000000005e64                __device_handles_start = .
 *(SORT_BY_NAME(SORT_BY_ALIGNMENT(.__device_handles_pass2*)))
 .__device_handles_pass2
                0x0000000000005e64       0x12 zephyr/CMakeFiles/zephyr_pre1.dir/dev_handles.c.obj
                0x0000000000005e64                __devicehdl_dts_ord_44
                0x0000000000005e6a                __devicehdl_dts_ord_21
                0x0000000000005e70                __devicehdl_dts_ord_17
                0x0000000000005e76                __device_handles_end = .

ztest           0x0000000000005e78       0x30
                0x0000000000005e78                _ztest_expected_result_entry_list_start = .
 *(SORT_BY_NAME(SORT_BY_ALIGNMENT(._ztest_expected_result_entry.static.*)))
                0x0000000000005e78                _ztest_expected_result_entry_list_end = .
                0x0000000000005e78                _ztest_suite_node_list_start = .
 *(SORT_BY_NAME(SORT_BY_ALIGNMENT(._ztest_suite_node.static.*)))
 ._ztest_suite_node.static.z_ztest_test_node_custom_lib_
                0x0000000000005e78       0x1c app/libapp.a(main.c.obj)
                0x0000000000005e94                _ztest_suite_node_list_end = .
                0x0000000000005e94                _ztest_unit_test_list_start = .
 *(SORT_BY_NAME(SORT_BY_ALIGNMENT(._ztest_unit_test.static.*)))
 ._ztest_unit_test.static.z_ztest_unit_test__custom_lib__test_get_value_
                0x0000000000005e94       0x14 app/libapp.a(main.c.obj)
                0x0000000000005ea8                _ztest_unit_test_list_end = .
                0x0000000000005ea8                _ztest_test_rule_list_start = .
 *(SORT_BY_NAME(SORT_BY_ALIGNMENT(._ztest_test_rule.static.*)))
                0x0000000000005ea8                _ztest_test_rule_list_end = .

bt_l2cap_fixed_chan_area
                0x0000000000005ea8        0x0
                0x0000000000005ea8                _bt_l2cap_fixed_chan_list_start = .
 *(SORT_BY_NAME(SORT_BY_ALIGNMENT(._bt_l2cap_fixed_chan.static.*)))
                0x0000000000005ea8                _bt_l2cap_fixed_chan_list_end = .

bt_gatt_service_static_area
                0x0000000000005ea8        0x0
                0x0000000000005ea8                _bt_gatt_service_static_list_start = .
 *(SORT_BY_NAME(SORT_BY_ALIGNMENT(._bt_gatt_service_static.static.*)))
                0x0000000000005ea8                _bt_gatt_service_static_list_end = .

log_strings_area
                0x0000000000005ea8        0x0
                0x0000000000005ea8                _log_strings_list_start = .
 *(SORT_BY_NAME(SORT_BY_ALIGNMENT(._log_strings.static.*)))
                0x0000000000005ea8                _log_strings_list_end = .

log_const_area  0x0000000000005ea8       0x38
                0x0000000000005ea8                _log_const_list_start = .
 *(SORT_BY_NAME(SORT_BY_ALIGNMENT(._log_const.static.*)))
 ._log_const.static.log_const_NRFX_CLOCK_
                0x0000000000005ea8        0x8 modules/hal_nordic/nrfx/libmodules__hal_nordic__nrfx.a(nrfx_clock.c.obj)
                0x0000000000005ea8                log_const_NRFX_CLOCK
 ._log_const.static.log_const_NRFX_GPIOTE_
                0x0000000000005eb0        0x8 modules/hal_nordic/nrfx/libmodules__hal_nordic__nrfx.a(nrfx_gpiote.c.obj)
                0x0000000000005eb0                log_const_NRFX_GPIOTE
 ._log_const.static.log_const_cbprintf_package_
                0x0000000000005eb8        0x8 zephyr/libzephyr.a(cbprintf_packaged.c.obj)
                0x0000000000005eb8                log_const_cbprintf_package
 ._log_const.static.log_const_clock_control_
                0x0000000000005ec0        0x8 zephyr/drivers/clock_control/libdrivers__clock_control.a(clock_control_nrf.c.obj)
                0x0000000000005ec0                log_const_clock_control
 ._log_const.static.log_const_os_
                0x0000000000005ec8        0x8 zephyr/kernel/libkernel.a(init.c.obj)
                0x0000000000005ec8                log_const_os
 ._log_const.static.log_const_pm_
                0x0000000000005ed0        0x8 zephyr/libzephyr.a(pm.c.obj)
                0x0000000000005ed0                log_const_pm
 ._log_const.static.log_const_soc_
                0x0000000000005ed8        0x8 zephyr/soc/arm/nordic_nrf/nrf51/libsoc__arm__nordic_nrf__nrf51.a(soc.c.obj)
                0x0000000000005ed8                log_const_soc
                0x0000000000005ee0                _log_const_list_end = .

log_backend_area
                0x0000000000005ee0        0x0
                0x0000000000005ee0                _log_backend_list_start = .
 *(SORT_BY_NAME(SORT_BY_ALIGNMENT(._log_backend.static.*)))
                0x0000000000005ee0                _log_backend_list_end = .

log_link_area   0x0000000000005ee0        0x0
                0x0000000000005ee0                _log_link_list_start = .
 *(SORT_BY_NAME(SORT_BY_ALIGNMENT(._log_link.static.*)))
                0x0000000000005ee0                _log_link_list_end = .

tracing_backend_area
                0x0000000000005ee0        0x0
                0x0000000000005ee0                _tracing_backend_list_start = .
 *(SORT_BY_NAME(SORT_BY_ALIGNMENT(._tracing_backend.static.*)))
                0x0000000000005ee0                _tracing_backend_list_end = .

zephyr_dbg_info
 *(SORT_BY_ALIGNMENT(.dbg_thread_info))

symbol_to_keep  0x0000000000005ee0        0x0
                0x0000000000005ee0                __symbol_to_keep_start = .
 *(SORT_BY_NAME(SORT_BY_ALIGNMENT(.symbol_to_keep*)))
                0x0000000000005ee0                __symbol_to_keep_end = .

shell_area      0x0000000000005ee0        0x0
                0x0000000000005ee0                _shell_list_start = .
 *(SORT_BY_NAME(SORT_BY_ALIGNMENT(._shell.static.*)))
                0x0000000000005ee0                _shell_list_end = .

shell_root_cmds_area
                0x0000000000005ee0        0x0
                0x0000000000005ee0                _shell_root_cmds_list_start = .
 *(SORT_BY_NAME(SORT_BY_ALIGNMENT(._shell_root_cmds.static.*)))
                0x0000000000005ee0                _shell_root_cmds_list_end = .

shell_subcmds_area
                0x0000000000005ee0        0x0
                0x0000000000005ee0                _shell_subcmds_list_start = .
 *(SORT_BY_NAME(SORT_BY_ALIGNMENT(._shell_subcmds.static.*)))
                0x0000000000005ee0                _shell_subcmds_list_end = .

shell_dynamic_subcmds_area
                0x0000000000005ee0        0x0
                0x0000000000005ee0                _shell_dynamic_subcmds_list_start = .
 *(SORT_BY_NAME(SORT_BY_ALIGNMENT(._shell_dynamic_subcmds.static.*)))
                0x0000000000005ee0                _shell_dynamic_subcmds_list_end = .

cfb_font_area   0x0000000000005ee0        0x0
                0x0000000000005ee0                _cfb_font_list_start = .
 *(SORT_BY_NAME(SORT_BY_ALIGNMENT(._cfb_font.static.*)))
                0x0000000000005ee0                _cfb_font_list_end = .

rodata          0x0000000000005ee0     0x1490
 *(SORT_BY_ALIGNMENT(.rodata))
 *(SORT_BY_ALIGNMENT(.rodata.*))
 .rodata.delay_machine_code.0
                0x0000000000005ee0        0x6 zephyr/soc/arm/nordic_nrf/nrf51/libsoc__arm__nordic_nrf__nrf51.a(soc.c.obj)
 *fill*         0x0000000000005ee6        0x2 
 .rodata.pmstates_DT_N_S_cpus_S_cpu_0
                0x0000000000005ee8        0x0 zephyr/libzephyr.a(state.c.obj)
 .rodata.CSWTCH.44
                0x0000000000005ee8       0x18 zephyr/subsys/testsuite/ztest/libsubsys__testsuite__ztest.a(ztest_new.c.obj)
 .rodata.CSWTCH.40
                0x0000000000005f00        0xc zephyr/subsys/testsuite/ztest/libsubsys__testsuite__ztest.a(ztest_new.c.obj)
 .rodata.ztest_api
                0x0000000000005f0c        0xc zephyr/subsys/testsuite/ztest/libsubsys__testsuite__ztest.a(ztest_defaults.c.obj)
                0x0000000000005f0c                ztest_api
 .rodata.transitions.0
                0x0000000000005f18        0xc zephyr/drivers/clock_control/libdrivers__clock_control.a(clock_control_nrf.c.obj)
 .rodata.config
                0x0000000000005f24       0x18 zephyr/drivers/clock_control/libdrivers__clock_control.a(clock_control_nrf.c.obj)
 .rodata.clock_control_api
                0x0000000000005f3c       0x1c zephyr/drivers/clock_control/libdrivers__clock_control.a(clock_control_nrf.c.obj)
 .rodata.gpio_nrfx_p0_cfg
                0x0000000000005f58       0x10 zephyr/drivers/gpio/libdrivers__gpio.a(gpio_nrfx.c.obj)
 .rodata.gpio_nrfx_drv_api_funcs
                0x0000000000005f68       0x24 zephyr/drivers/gpio/libdrivers__gpio.a(gpio_nrfx.c.obj)
 .rodata.uart_nrfx_uart0_config
                0x0000000000005f8c        0x4 zephyr/drivers/serial/libdrivers__serial.a(uart_nrfx_uart.c.obj)
 .rodata.__pinctrl_dev_config__device_dts_ord_44
                0x0000000000005f90        0xc zephyr/drivers/serial/libdrivers__serial.a(uart_nrfx_uart.c.obj)
 .rodata.__pinctrl_states__device_dts_ord_44
                0x0000000000005f9c        0x8 zephyr/drivers/serial/libdrivers__serial.a(uart_nrfx_uart.c.obj)
 .rodata.__pinctrl_state_pins_0__device_dts_ord_44
                0x0000000000005fa4        0x8 zephyr/drivers/serial/libdrivers__serial.a(uart_nrfx_uart.c.obj)
 .rodata.uart_nrfx_uart_driver_api
                0x0000000000005fac       0x14 zephyr/drivers/serial/libdrivers__serial.a(uart_nrfx_uart.c.obj)
 .rodata._k_neg_eagain
                0x0000000000005fc0        0x4 zephyr/kernel/libkernel.a(errno.c.obj)
                0x0000000000005fc0                _k_neg_eagain
 .rodata.CSWTCH.479
                0x0000000000005fc4       0x14 zephyr/kernel/libkernel.a(fatal.c.obj)
 .rodata.levels.0
                0x0000000000005fd8       0x18 zephyr/kernel/libkernel.a(init.c.obj)
 .rodata.z_zassert.constprop.0.str1.1
                0x0000000000005ff0       0x62 app/libapp.a(main.c.obj)
                                         0x64 (size before relaxing)
 .rodata._custom_lib_test_get_value_wrapper.str1.1
                0x0000000000006052      0x268 app/libapp.a(main.c.obj)
 .rodata.__func__.0
                0x00000000000062ba       0x1a app/libapp.a(main.c.obj)
 .rodata.str1.1
                0x00000000000062d4       0x1a app/libapp.a(main.c.obj)
 .rodata.str1.1
                0x00000000000062ee       0x11 zephyr/libzephyr.a(cbprintf_packaged.c.obj)
 .rodata.z_cbvprintf_impl.str1.1
                0x00000000000062ff        0x6 zephyr/libzephyr.a(cbprintf_complete.c.obj)
 .rodata.sys_clock_elapsed.str1.1
                0x0000000000006305       0xa3 zephyr/libzephyr.a(nrf_timer_timer.c.obj)
 .rodata.pm_state_notify.str1.1
                0x00000000000063a8       0xa3 zephyr/libzephyr.a(pm.c.obj)
 .rodata.str1.1
                0x00000000000063a8        0x3 zephyr/libzephyr.a(pm.c.obj)
 .rodata.z_arm_fatal_error.str1.1
                0x00000000000063ab       0xaf zephyr/arch/arch/arm/core/aarch32/libarch__arm__core__aarch32.a(fatal.c.obj)
 .rodata.z_arm_irq_priority_set.str1.1
                0x000000000000645a       0x91 zephyr/arch/arch/arm/core/aarch32/libarch__arm__core__aarch32.a(irq_manage.c.obj)
                                         0xae (size before relaxing)
 .rodata.z_arm_fault.str1.1
                0x00000000000064eb      0x13e zephyr/arch/arch/arm/core/aarch32/cortex_m/libarch__arm__core__aarch32__cortex_m.a(fault.c.obj)
                                        0x15b (size before relaxing)
 .rodata.str1.1
                0x0000000000006629        0x4 zephyr/soc/arm/nordic_nrf/nrf51/libsoc__arm__nordic_nrf__nrf51.a(soc.c.obj)
 .rodata.ztest_test_fail.str1.1
                0x000000000000662d       0x3d zephyr/subsys/testsuite/ztest/libsubsys__testsuite__ztest.a(ztest_new.c.obj)
 .rodata.z_ztest_run_test_suite_ptr.str1.1
                0x000000000000666a       0xb2 zephyr/subsys/testsuite/ztest/libsubsys__testsuite__ztest.a(ztest_new.c.obj)
 .rodata.ztest_verify_all_test_suites_ran.str1.1
                0x000000000000671c       0x7c zephyr/subsys/testsuite/ztest/libsubsys__testsuite__ztest.a(ztest_new.c.obj)
 .rodata.main.str1.1
                0x0000000000006798      0x130 zephyr/subsys/testsuite/ztest/libsubsys__testsuite__ztest.a(ztest_new.c.obj)
                                        0x132 (size before relaxing)
 .rodata.str1.1
                0x00000000000068c8       0x3a zephyr/subsys/testsuite/ztest/libsubsys__testsuite__ztest.a(ztest_new.c.obj)
 .rodata.get_status.str1.1
                0x0000000000006902       0x61 zephyr/drivers/clock_control/libdrivers__clock_control.a(clock_control_nrf.c.obj)
                                         0x7e (size before relaxing)
 .rodata.clock_event_handler.str1.1
                0x0000000000006963       0x61 zephyr/drivers/clock_control/libdrivers__clock_control.a(clock_control_nrf.c.obj)
                                          0x2 (size before relaxing)
 .rodata.str1.1
                0x0000000000006963       0x29 zephyr/drivers/clock_control/libdrivers__clock_control.a(clock_control_nrf.c.obj)
 .rodata.gpio_nrfx_manage_callback.str1.1
                0x000000000000698c       0x7d zephyr/drivers/gpio/libdrivers__gpio.a(gpio_nrfx.c.obj)
                                         0x9a (size before relaxing)
 .rodata.gpio_nrfx_pin_interrupt_configure.str1.1
                0x0000000000006a09       0x56 zephyr/drivers/gpio/libdrivers__gpio.a(gpio_nrfx.c.obj)
                                         0x58 (size before relaxing)
 .rodata.nrfx_gpio_handler.str1.1
                0x0000000000006a5f        0xc zephyr/drivers/gpio/libdrivers__gpio.a(gpio_nrfx.c.obj)
 .rodata.gpio_nrfx_pin_configure.str1.1
                0x0000000000006a6b       0x40 zephyr/drivers/gpio/libdrivers__gpio.a(gpio_nrfx.c.obj)
 .rodata.str1.1
                0x0000000000006aab        0xe zephyr/drivers/gpio/libdrivers__gpio.a(gpio_nrfx.c.obj)
 .rodata.nrf_gpio_pin_port_decode.str1.1
                0x0000000000006ab9       0x75 zephyr/drivers/pinctrl/libdrivers__pinctrl.a(pinctrl_nrf.c.obj)
 .rodata.str1.1
                0x0000000000006ab9        0xe zephyr/drivers/serial/libdrivers__serial.a(uart_nrfx_uart.c.obj)
 .rodata.CSWTCH.5
                0x0000000000006ac7        0xe modules/hal_nordic/nrfx/libmodules__hal_nordic__nrfx.a(system_nrf51.c.obj)
 .rodata.CSWTCH.3
                0x0000000000006ad5        0xe modules/hal_nordic/nrfx/libmodules__hal_nordic__nrfx.a(system_nrf51.c.obj)
 .rodata.CSWTCH.1
                0x0000000000006ae3        0xe modules/hal_nordic/nrfx/libmodules__hal_nordic__nrfx.a(system_nrf51.c.obj)
 .rodata.clock_stop.str1.1
                0x0000000000006af1       0x71 modules/hal_nordic/nrfx/libmodules__hal_nordic__nrfx.a(nrfx_clock.c.obj)
                                         0x90 (size before relaxing)
 .rodata.nrfx_clock_init.str1.1
                0x0000000000006b62        0xe modules/hal_nordic/nrfx/libmodules__hal_nordic__nrfx.a(nrfx_clock.c.obj)
 .rodata.nrfx_clock_enable.str1.1
                0x0000000000006b70       0x1e modules/hal_nordic/nrfx/libmodules__hal_nordic__nrfx.a(nrfx_clock.c.obj)
 .rodata.str1.1
                0x0000000000006b8e        0xb modules/hal_nordic/nrfx/libmodules__hal_nordic__nrfx.a(nrfx_clock.c.obj)
 .rodata.nrf_gpiote_out_task_get.str1.1
                0x0000000000006b99       0x3f modules/hal_nordic/nrfx/libmodules__hal_nordic__nrfx.a(nrfx_gpiote.c.obj)
                                         0x5c (size before relaxing)
 .rodata.release_handler.str1.1
                0x0000000000006bd8       0x3e modules/hal_nordic/nrfx/libmodules__hal_nordic__nrfx.a(nrfx_gpiote.c.obj)
                                         0x52 (size before relaxing)
 .rodata.nrf_gpio_pin_present_check.str1.1
                0x0000000000006c16       0x35 modules/hal_nordic/nrfx/libmodules__hal_nordic__nrfx.a(nrfx_gpiote.c.obj)
 .rodata.nrf_gpio_pin_port_decode.str1.1
                0x0000000000006c16       0x23 modules/hal_nordic/nrfx/libmodules__hal_nordic__nrfx.a(nrfx_gpiote.c.obj)
 .rodata.nrfx_gpiote_channel_get.str1.1
                0x0000000000006c16        0xa modules/hal_nordic/nrfx/libmodules__hal_nordic__nrfx.a(nrfx_gpiote.c.obj)
 .rodata.nrfx_gpiote_trigger_enable.str1.1
                0x0000000000006c20       0x20 modules/hal_nordic/nrfx/libmodules__hal_nordic__nrfx.a(nrfx_gpiote.c.obj)
 .rodata.str1.1
                0x0000000000006c40        0xc modules/hal_nordic/nrfx/libmodules__hal_nordic__nrfx.a(nrfx_gpiote.c.obj)
 .rodata.z_device_state_init.str1.1
                0x0000000000006c4c       0x5a zephyr/kernel/libkernel.a(device.c.obj)
                                         0x77 (size before relaxing)
 .rodata.k_sys_fatal_error_handler.str1.1
                0x0000000000006ca6       0x14 zephyr/kernel/libkernel.a(fatal.c.obj)
 .rodata.z_fatal_error.str1.1
                0x0000000000006cba       0x86 zephyr/kernel/libkernel.a(fatal.c.obj)
 .rodata.str1.1
                0x0000000000006d40       0x4a zephyr/kernel/libkernel.a(fatal.c.obj)
 .rodata.z_init_cpu.str1.1
                0x0000000000006d8a        0x5 zephyr/kernel/libkernel.a(init.c.obj)
 .rodata.z_cstart.str1.1
                0x0000000000006d8f        0x5 zephyr/kernel/libkernel.a(init.c.obj)
 .rodata.str1.1
                0x0000000000006d94        0x3 zephyr/kernel/libkernel.a(init.c.obj)
 .rodata.z_setup_new_thread.str1.1
                0x0000000000006d97       0xd4 zephyr/kernel/libkernel.a(thread.c.obj)
                                         0xf1 (size before relaxing)
 .rodata.z_impl_k_thread_create.str1.1
                0x0000000000006e6b       0x37 zephyr/kernel/libkernel.a(thread.c.obj)
 .rodata.z_init_static_threads.str1.1
                0x0000000000006ea2       0x2d zephyr/kernel/libkernel.a(thread.c.obj)
                                         0x4c (size before relaxing)
 .rodata.idle.str1.1
                0x0000000000006ecf       0x49 zephyr/kernel/libkernel.a(idle.c.obj)
                                         0x66 (size before relaxing)
 .rodata.z_impl_k_sem_give.str1.1
                0x0000000000006f18       0xa3 zephyr/kernel/libkernel.a(sem.c.obj)
 .rodata.z_impl_k_sem_take.str1.1
                0x0000000000006f18       0x71 zephyr/kernel/libkernel.a(sem.c.obj)
 .rodata.slice_timeout.str1.1
                0x0000000000006f89      0x1bb zephyr/kernel/libkernel.a(sched.c.obj)
                                        0x1d8 (size before relaxing)
 .rodata.update_cache.str1.1
                0x0000000000007144       0x27 zephyr/kernel/libkernel.a(sched.c.obj)
                                         0x2a (size before relaxing)
 .rodata.ready_thread.str1.1
                0x000000000000716b       0x21 zephyr/kernel/libkernel.a(sched.c.obj)
 .rodata.k_sched_time_slice_set.str1.1
                0x000000000000718c       0x86 zephyr/kernel/libkernel.a(sched.c.obj)
 .rodata.k_sched_lock.str1.1
                0x000000000000718c       0x5c zephyr/kernel/libkernel.a(sched.c.obj)
                                         0x6e (size before relaxing)
 .rodata.k_sched_unlock.str1.1
                0x00000000000071e8       0x31 zephyr/kernel/libkernel.a(sched.c.obj)
 .rodata.z_pend_curr.str1.1
                0x0000000000007219       0x37 zephyr/kernel/libkernel.a(sched.c.obj)
 .rodata.unpend_thread_no_timeout.str1.1
                0x0000000000007250       0x17 zephyr/kernel/libkernel.a(sched.c.obj)
 .rodata.z_tick_sleep.str1.1
                0x0000000000007267       0x40 zephyr/kernel/libkernel.a(sched.c.obj)
 .rodata.z_thread_abort.str1.1
                0x00000000000072a7       0x41 zephyr/kernel/libkernel.a(sched.c.obj)
                                         0x43 (size before relaxing)
 .rodata.z_impl_k_thread_join.str1.1
                0x00000000000072e8       0x15 zephyr/kernel/libkernel.a(sched.c.obj)
 .rodata.z_add_timeout.str1.1
                0x00000000000072fd       0x44 zephyr/kernel/libkernel.a(timeout.c.obj)
                                         0xea (size before relaxing)
 .rodata.z_impl_atomic_cas.str1.1
                0x0000000000007341       0xa3 zephyr/kernel/libkernel.a(atomic_c.c.obj)
 .rodata.boot_banner.str1.1
                0x0000000000007341       0x2c zephyr/kernel/libkernel.a(banner.c.obj)
 *(SORT_BY_ALIGNMENT(.gnu.linkonce.r.*))
                0x00000000000073e4                . = ALIGN (0x4)
 *fill*         0x000000000000736d        0x3 
                0x0000000000007370                __rodata_region_end = .
                0x0000000000007370                . = ALIGN (_region_min_align)
                0x0000000000007370                __rom_region_end = ((__rom_region_start + .) - ADDR (rom_start))

/DISCARD/
 *(SORT_BY_ALIGNMENT(.got.plt))
 *(SORT_BY_ALIGNMENT(.igot.plt))
 *(SORT_BY_ALIGNMENT(.got))
 *(SORT_BY_ALIGNMENT(.igot))
                0x0000000020000000                . = 0x20000000
                0x0000000020000000                . = ALIGN (_region_min_align)
                0x0000000020000000                _image_ram_start = .

.ramfunc        0x0000000020000000        0x0 load address 0x0000000000007370
                0x0000000020000000                . = ALIGN (_region_min_align)
                0x0000000020000000                __ramfunc_start = .
 *(SORT_BY_ALIGNMENT(.ramfunc))
 *(SORT_BY_ALIGNMENT(.ramfunc.*))
                0x0000000020000000                . = ALIGN (_region_min_align)
                0x0000000020000000                __ramfunc_end = .
                0x0000000000000000                __ramfunc_size = (__ramfunc_end - __ramfunc_start)
                0x0000000000007370                __ramfunc_load_start = LOADADDR (.ramfunc)

datas           0x0000000020000000       0x85 load address 0x0000000000007370
                0x0000000020000000                __data_region_start = .
                0x0000000020000000                __data_start = .
 *(SORT_BY_ALIGNMENT(.data))
 *(SORT_BY_ALIGNMENT(.data.*))
 .data.next_event_cyc
                0x0000000020000000        0x8 zephyr/libzephyr.a(policy.c.obj)
 .data._char_out
                0x0000000020000008        0x4 zephyr/libzephyr.a(printk.c.obj)
                0x0000000020000008                _char_out
 .data.max_latency_cyc
                0x000000002000000c        0x4 zephyr/libzephyr.a(policy.c.obj)
 .data._stdout_hook
                0x0000000020000010        0x4 zephyr/lib/libc/minimal/liblib__libc__minimal.a(stdout_console.c.obj)
 .data.uart_nrfx_uart0_data
                0x0000000020000014        0x8 zephyr/drivers/serial/libdrivers__serial.a(uart_nrfx_uart.c.obj)
 .data.m_cb     0x000000002000001c       0x60 modules/hal_nordic/nrfx/libmodules__hal_nordic__nrfx.a(nrfx_gpiote.c.obj)
 .data.timeout_list
                0x000000002000007c        0x8 zephyr/kernel/libkernel.a(timeout.c.obj)
 .data.phase    0x0000000020000084        0x1 zephyr/subsys/testsuite/ztest/libsubsys__testsuite__ztest.a(ztest_new.c.obj)
                0x0000000020000084                phase
 *(SORT_BY_ALIGNMENT(.kernel.*))
                0x0000000020000085                __data_end = .
                0x0000000000000085                __data_size = (__data_end - __data_start)
                0x0000000000007370                __data_load_start = LOADADDR (datas)
                0x0000000000007370                __data_region_load_start = LOADADDR (datas)

device_states   0x0000000020000085        0x6 load address 0x00000000000073f5
                0x0000000020000085                __device_states_start = .
 *(SORT_BY_ALIGNMENT(.z_devstate))
 .z_devstate    0x0000000020000085        0x2 zephyr/drivers/clock_control/libdrivers__clock_control.a(clock_control_nrf.c.obj)
 .z_devstate    0x0000000020000087        0x2 zephyr/drivers/gpio/libdrivers__gpio.a(gpio_nrfx.c.obj)
 .z_devstate    0x0000000020000089        0x2 zephyr/drivers/serial/libdrivers__serial.a(uart_nrfx_uart.c.obj)
 *(SORT_BY_ALIGNMENT(.z_devstate.*))
                0x000000002000008b                __device_states_end = .

log_mpsc_pbuf_area
                0x000000002000008b        0x0 load address 0x00000000000073fb
                0x000000002000008b                _log_mpsc_pbuf_list_start = .
 *(SORT_BY_NAME(SORT_BY_ALIGNMENT(._log_mpsc_pbuf.static.*)))
                0x000000002000008b                _log_mpsc_pbuf_list_end = .

log_msg_ptr_area
                0x000000002000008b        0x0 load address 0x00000000000073fb
                0x000000002000008b                _log_msg_ptr_list_start = .
 *(SORT_BY_NAME(SORT_BY_ALIGNMENT(._log_msg_ptr.static.*)))
                0x000000002000008b                _log_msg_ptr_list_end = .

log_dynamic_area
                0x000000002000008b        0x0 load address 0x00000000000073fb
                0x000000002000008b                _log_dynamic_list_start = .
 *(SORT_BY_NAME(SORT_BY_ALIGNMENT(._log_dynamic.static.*)))
                0x000000002000008b                _log_dynamic_list_end = .

k_timer_area    0x000000002000008b        0x0 load address 0x00000000000073fb
                0x000000002000008b                _k_timer_list_start = .
 *(SORT_BY_NAME(SORT_BY_ALIGNMENT(._k_timer.static.*)))
                0x000000002000008b                _k_timer_list_end = .

k_mem_slab_area
                0x000000002000008b        0x0 load address 0x00000000000073fb
                0x000000002000008b                _k_mem_slab_list_start = .
 *(SORT_BY_NAME(SORT_BY_ALIGNMENT(._k_mem_slab.static.*)))
                0x000000002000008b                _k_mem_slab_list_end = .

k_heap_area     0x000000002000008b        0x0 load address 0x00000000000073fb
                0x000000002000008b                _k_heap_list_start = .
 *(SORT_BY_NAME(SORT_BY_ALIGNMENT(._k_heap.static.*)))
                0x000000002000008b                _k_heap_list_end = .

k_mutex_area    0x000000002000008b        0x0 load address 0x00000000000073fb
                0x000000002000008b                _k_mutex_list_start = .
 *(SORT_BY_NAME(SORT_BY_ALIGNMENT(._k_mutex.static.*)))
                0x000000002000008b                _k_mutex_list_end = .

k_stack_area    0x000000002000008b        0x0 load address 0x00000000000073fb
                0x000000002000008b                _k_stack_list_start = .
 *(SORT_BY_NAME(SORT_BY_ALIGNMENT(._k_stack.static.*)))
                0x000000002000008b                _k_stack_list_end = .

k_msgq_area     0x000000002000008b        0x0 load address 0x00000000000073fb
                0x000000002000008b                _k_msgq_list_start = .
 *(SORT_BY_NAME(SORT_BY_ALIGNMENT(._k_msgq.static.*)))
                0x000000002000008b                _k_msgq_list_end = .

k_mbox_area     0x000000002000008b        0x0 load address 0x00000000000073fb
                0x000000002000008b                _k_mbox_list_start = .
 *(SORT_BY_NAME(SORT_BY_ALIGNMENT(._k_mbox.static.*)))
                0x000000002000008b                _k_mbox_list_end = .

k_pipe_area     0x000000002000008b        0x0 load address 0x00000000000073fb
                0x000000002000008b                _k_pipe_list_start = .
 *(SORT_BY_NAME(SORT_BY_ALIGNMENT(._k_pipe.static.*)))
                0x000000002000008b                _k_pipe_list_end = .

k_sem_area      0x000000002000008b        0x0 load address 0x00000000000073fb
                0x000000002000008b                _k_sem_list_start = .
 *(SORT_BY_NAME(SORT_BY_ALIGNMENT(._k_sem.static.*)))
                0x000000002000008b                _k_sem_list_end = .

k_event_area    0x000000002000008b        0x0 load address 0x00000000000073fb
                0x000000002000008b                _k_event_list_start = .
 *(SORT_BY_NAME(SORT_BY_ALIGNMENT(._k_event.static.*)))
                0x000000002000008b                _k_event_list_end = .

k_queue_area    0x000000002000008b        0x0 load address 0x00000000000073fb
                0x000000002000008b                _k_queue_list_start = .
 *(SORT_BY_NAME(SORT_BY_ALIGNMENT(._k_queue.static.*)))
                0x000000002000008b                _k_queue_list_end = .

k_condvar_area  0x000000002000008b        0x0 load address 0x00000000000073fb
                0x000000002000008b                _k_condvar_list_start = .
 *(SORT_BY_NAME(SORT_BY_ALIGNMENT(._k_condvar.static.*)))
                0x000000002000008b                _k_condvar_list_end = .

net_buf_pool_area
                0x000000002000008b        0x0 load address 0x00000000000073fb
                0x000000002000008b                _net_buf_pool_list_start = .
 *(SORT_BY_NAME(SORT_BY_ALIGNMENT(._net_buf_pool.static.*)))
                0x000000002000008b                _net_buf_pool_list_end = .
                0x000000002000008b                __data_region_end = .

bss             0x0000000020000090      0x2ea
                0x0000000020000090                . = ALIGN (0x4)
                0x0000000020000090                __bss_start = .
                0x0000000020000090                __kernel_ram_start = .
 *(SORT_BY_ALIGNMENT(.bss))
 *(SORT_BY_ALIGNMENT(.bss.*))
 .bss.ztest_thread
                0x0000000020000090       0x90 zephyr/subsys/testsuite/ztest/libsubsys__testsuite__ztest.a(ztest_new.c.obj)
 .bss.z_idle_threads
                0x0000000020000120       0x90 zephyr/kernel/libkernel.a(init.c.obj)
                0x0000000020000120                z_idle_threads
 .bss.z_main_thread
                0x00000000200001b0       0x90 zephyr/kernel/libkernel.a(init.c.obj)
                0x00000000200001b0                z_main_thread
 .bss.slice_timeouts
                0x0000000020000240       0x18 zephyr/kernel/libkernel.a(sched.c.obj)
 .bss.curr_tick
                0x0000000020000258        0x8 zephyr/kernel/libkernel.a(timeout.c.obj)
 .bss.z_ztest_suite_node_stats_custom_lib
                0x0000000020000260        0xc app/libapp.a(main.c.obj)
                0x0000000020000260                z_ztest_suite_node_stats_custom_lib
 .bss.z_ztest_unit_test_stats_custom_lib_test_get_value
                0x000000002000026c       0x14 app/libapp.a(main.c.obj)
                0x000000002000026c                z_ztest_unit_test_stats_custom_lib_test_get_value
 .bss.last_count
                0x0000000020000280        0x4 zephyr/libzephyr.a(nrf_timer_timer.c.obj)
 .bss.lock      0x0000000020000284        0x4 zephyr/libzephyr.a(nrf_timer_timer.c.obj)
 .bss.pm_notifier_lock
                0x0000000020000288        0x4 zephyr/libzephyr.a(pm.c.obj)
 .bss.pm_forced_state_lock
                0x000000002000028c        0x4 zephyr/libzephyr.a(pm.c.obj)
 .bss.z_cpus_pm_forced_state
                0x0000000020000290        0xc zephyr/libzephyr.a(pm.c.obj)
 .bss.z_cpus_pm_state
                0x000000002000029c        0xc zephyr/libzephyr.a(pm.c.obj)
 .bss.pm_notifiers
                0x00000000200002a8        0x8 zephyr/libzephyr.a(pm.c.obj)
 .bss.z_post_ops_required
                0x00000000200002b0        0x4 zephyr/libzephyr.a(pm.c.obj)
 .bss.tc_spend_time
                0x00000000200002b4        0x4 zephyr/subsys/testsuite/ztest/libsubsys__testsuite__ztest.a(ztest_new.c.obj)
 .bss.tc_start_time
                0x00000000200002b8        0x4 zephyr/subsys/testsuite/ztest/libsubsys__testsuite__ztest.a(ztest_new.c.obj)
 .bss.data      0x00000000200002bc       0x58 zephyr/drivers/clock_control/libdrivers__clock_control.a(clock_control_nrf.c.obj)
 .bss.hfclk_users
                0x0000000020000314        0x4 zephyr/drivers/clock_control/libdrivers__clock_control.a(clock_control_nrf.c.obj)
 .bss.gpio_nrfx_p0_data
                0x0000000020000318        0xc zephyr/drivers/gpio/libdrivers__gpio.a(gpio_nrfx.c.obj)
 .bss.poll_out_lock.0
                0x0000000020000324        0x4 zephyr/drivers/serial/libdrivers__serial.a(uart_nrfx_uart.c.obj)
 .bss.m_clock_cb
                0x0000000020000328        0x8 modules/hal_nordic/nrfx/libmodules__hal_nordic__nrfx.a(nrfx_clock.c.obj)
 .bss._kernel   0x0000000020000330       0x24 zephyr/kernel/libkernel.a(init.c.obj)
                0x0000000020000330                _kernel
 .bss.lock      0x0000000020000354        0x4 zephyr/kernel/libkernel.a(sem.c.obj)
 .bss.pending_current
                0x0000000020000358        0x4 zephyr/kernel/libkernel.a(sched.c.obj)
 .bss.slice_max_prio
                0x000000002000035c        0x4 zephyr/kernel/libkernel.a(sched.c.obj)
 .bss.slice_ticks
                0x0000000020000360        0x4 zephyr/kernel/libkernel.a(sched.c.obj)
 .bss.sched_spinlock
                0x0000000020000364        0x4 zephyr/kernel/libkernel.a(sched.c.obj)
                0x0000000020000364                sched_spinlock
 .bss.announce_remaining
                0x0000000020000368        0x4 zephyr/kernel/libkernel.a(timeout.c.obj)
 .bss.timeout_lock
                0x000000002000036c        0x4 zephyr/kernel/libkernel.a(timeout.c.obj)
 .bss.lock      0x0000000020000370        0x4 zephyr/kernel/libkernel.a(atomic_c.c.obj)
 .bss.current_test_failed_assumption
                0x0000000020000374        0x1 zephyr/subsys/testsuite/ztest/libsubsys__testsuite__ztest.a(ztest_new.c.obj)
 .bss.test_result
                0x0000000020000375        0x1 zephyr/subsys/testsuite/ztest/libsubsys__testsuite__ztest.a(ztest_new.c.obj)
 .bss.test_status
                0x0000000020000376        0x1 zephyr/subsys/testsuite/ztest/libsubsys__testsuite__ztest.a(ztest_new.c.obj)
 .bss.failed_expectation
                0x0000000020000377        0x1 zephyr/subsys/testsuite/ztest/libsubsys__testsuite__ztest.a(ztest_new.c.obj)
 .bss.z_sys_post_kernel
                0x0000000020000378        0x1 zephyr/kernel/libkernel.a(init.c.obj)
                0x0000000020000378                z_sys_post_kernel
 .bss.slice_expired
                0x0000000020000379        0x1 zephyr/kernel/libkernel.a(sched.c.obj)
 *(SORT_BY_ALIGNMENT(COMMON))
 *(SORT_BY_ALIGNMENT(.kernel_bss.*))
                0x000000002000037c                __bss_end = ALIGN (0x4)

noinit          0x0000000020000380     0x1100
 *(SORT_BY_ALIGNMENT(.noinit))
 *(SORT_BY_ALIGNMENT(.noinit.*))
 .noinit."WEST_TOPDIR/zephyr/subsys/testsuite/ztest/src/ztest_new.c".0
                0x0000000020000380      0x400 zephyr/subsys/testsuite/ztest/libsubsys__testsuite__ztest.a(ztest_new.c.obj)
                0x0000000020000380                ztest_thread_stack
 .noinit."WEST_TOPDIR/zephyr/kernel/init.c".2
                0x0000000020000780      0x800 zephyr/kernel/libkernel.a(init.c.obj)
                0x0000000020000780                z_interrupt_stacks
 .noinit."WEST_TOPDIR/zephyr/kernel/init.c".1
                0x0000000020000f80      0x100 zephyr/kernel/libkernel.a(init.c.obj)
 .noinit."WEST_TOPDIR/zephyr/kernel/init.c".0
                0x0000000020001080      0x400 zephyr/kernel/libkernel.a(init.c.obj)
                0x0000000020001080                z_main_stack
 *(SORT_BY_ALIGNMENT(.kernel_noinit.*))
                0x0000000020001480                _image_ram_end = .
                0x0000000020001480                _end = .
                0x0000000020004000                __kernel_ram_end = 0x20004000
                0x0000000000003f70                __kernel_ram_size = (__kernel_ram_end - __kernel_ram_start)

.intList        0x00000000fffff800       0x38
 *(SORT_BY_ALIGNMENT(.irq_info*))
 .irq_info      0x00000000fffff800        0x8 zephyr/arch/common/libisr_tables.a(isr_tables.c.obj)
                0x00000000fffff800                _iheader
 *(SORT_BY_ALIGNMENT(.intList*))
 .intList       0x00000000fffff808       0x10 zephyr/libzephyr.a(nrf_timer_timer.c.obj)
 .intList       0x00000000fffff818       0x10 zephyr/drivers/clock_control/libdrivers__clock_control.a(clock_control_nrf.c.obj)
 .intList       0x00000000fffff828       0x10 zephyr/drivers/gpio/libdrivers__gpio.a(gpio_nrfx.c.obj)

.stab
 *(SORT_BY_ALIGNMENT(.stab))

.stabstr
 *(SORT_BY_ALIGNMENT(.stabstr))

.stab.excl
 *(SORT_BY_ALIGNMENT(.stab.excl))

.stab.exclstr
 *(SORT_BY_ALIGNMENT(.stab.exclstr))

.stab.index
 *(SORT_BY_ALIGNMENT(.stab.index))

.stab.indexstr
 *(SORT_BY_ALIGNMENT(.stab.indexstr))

.gnu.build.attributes
 *(SORT_BY_ALIGNMENT(.gnu.build.attributes) SORT_BY_ALIGNMENT(.gnu.build.attributes.*))

.comment        0x0000000000000000       0x20
 *(SORT_BY_ALIGNMENT(.comment))
 .comment       0x0000000000000000       0x20 zephyr/CMakeFiles/zephyr_pre1.dir/dev_handles.c.obj
                                         0x21 (size before relaxing)
 .comment       0x0000000000000020       0x21 zephyr/CMakeFiles/offsets.dir/./arch/arm/core/offsets/offsets.c.obj
 .comment       0x0000000000000020       0x21 app/libapp.a(main.c.obj)
 .comment       0x0000000000000020       0x21 zephyr/libzephyr.a(cbprintf_packaged.c.obj)
 .comment       0x0000000000000020       0x21 zephyr/libzephyr.a(printk.c.obj)
 .comment       0x0000000000000020       0x21 zephyr/libzephyr.a(thread_entry.c.obj)
 .comment       0x0000000000000020       0x21 zephyr/libzephyr.a(onoff.c.obj)
 .comment       0x0000000000000020       0x21 zephyr/libzephyr.a(cbprintf_complete.c.obj)
 .comment       0x0000000000000020       0x21 zephyr/libzephyr.a(assert.c.obj)
 .comment       0x0000000000000020       0x21 zephyr/libzephyr.a(configs.c.obj)
 .comment       0x0000000000000020       0x21 zephyr/libzephyr.a(nrf_timer_timer.c.obj)
 .comment       0x0000000000000020       0x21 zephyr/libzephyr.a(log_minimal.c.obj)
 .comment       0x0000000000000020       0x21 zephyr/libzephyr.a(pm.c.obj)
 .comment       0x0000000000000020       0x21 zephyr/libzephyr.a(policy.c.obj)
 .comment       0x0000000000000020       0x21 zephyr/libzephyr.a(state.c.obj)
 .comment       0x0000000000000020       0x21 zephyr/arch/arch/arm/core/aarch32/libarch__arm__core__aarch32.a(fatal.c.obj)
 .comment       0x0000000000000020       0x21 zephyr/arch/arch/arm/core/aarch32/libarch__arm__core__aarch32.a(irq_manage.c.obj)
 .comment       0x0000000000000020       0x21 zephyr/arch/arch/arm/core/aarch32/libarch__arm__core__aarch32.a(nmi.c.obj)
 .comment       0x0000000000000020       0x21 zephyr/arch/arch/arm/core/aarch32/libarch__arm__core__aarch32.a(prep_c.c.obj)
 .comment       0x0000000000000020       0x21 zephyr/arch/arch/arm/core/aarch32/libarch__arm__core__aarch32.a(swap.c.obj)
 .comment       0x0000000000000020       0x21 zephyr/arch/arch/arm/core/aarch32/libarch__arm__core__aarch32.a(thread.c.obj)
 .comment       0x0000000000000020       0x21 zephyr/arch/arch/arm/core/aarch32/cortex_m/libarch__arm__core__aarch32__cortex_m.a(fault.c.obj)
 .comment       0x0000000000000020       0x21 zephyr/arch/arch/arm/core/aarch32/cortex_m/libarch__arm__core__aarch32__cortex_m.a(irq_init.c.obj)
 .comment       0x0000000000000020       0x21 zephyr/arch/arch/arm/core/aarch32/cortex_m/libarch__arm__core__aarch32__cortex_m.a(thread_abort.c.obj)
 .comment       0x0000000000000020       0x21 zephyr/lib/libc/minimal/liblib__libc__minimal.a(string.c.obj)
 .comment       0x0000000000000020       0x21 zephyr/lib/libc/minimal/liblib__libc__minimal.a(stdout_console.c.obj)
 .comment       0x0000000000000020       0x21 zephyr/lib/libc/common/liblib__libc__common.a(strnlen.c.obj)
 .comment       0x0000000000000020       0x21 zephyr/soc/arm/nordic_nrf/nrf51/libsoc__arm__nordic_nrf__nrf51.a(soc.c.obj)
 .comment       0x0000000000000020       0x21 zephyr/soc/arm/nordic_nrf/nrf51/libsoc__arm__nordic_nrf__nrf51.a(power.c.obj)
 .comment       0x0000000000000020       0x21 zephyr/subsys/testsuite/ztest/libsubsys__testsuite__ztest.a(ztest_new.c.obj)
 .comment       0x0000000000000020       0x21 zephyr/subsys/testsuite/ztest/libsubsys__testsuite__ztest.a(ztest_defaults.c.obj)
 .comment       0x0000000000000020       0x21 zephyr/drivers/clock_control/libdrivers__clock_control.a(clock_control_nrf.c.obj)
 .comment       0x0000000000000020       0x21 zephyr/drivers/console/libdrivers__console.a(uart_console.c.obj)
 .comment       0x0000000000000020       0x21 zephyr/drivers/gpio/libdrivers__gpio.a(gpio_nrfx.c.obj)
 .comment       0x0000000000000020       0x21 zephyr/drivers/pinctrl/libdrivers__pinctrl.a(common.c.obj)
 .comment       0x0000000000000020       0x21 zephyr/drivers/pinctrl/libdrivers__pinctrl.a(pinctrl_nrf.c.obj)
 .comment       0x0000000000000020       0x21 zephyr/drivers/serial/libdrivers__serial.a(uart_nrfx_uart.c.obj)
 .comment       0x0000000000000020       0x21 zephyr/drivers/timer/libdrivers__timer.a(sys_clock_init.c.obj)
 .comment       0x0000000000000020       0x21 modules/assignment-10/lib/custom_lib/lib..__assignment-10__lib__custom_lib.a(custom_lib.c.obj)
 .comment       0x0000000000000020       0x21 modules/hal_nordic/nrfx/libmodules__hal_nordic__nrfx.a(system_nrf51.c.obj)
 .comment       0x0000000000000020       0x21 modules/hal_nordic/nrfx/libmodules__hal_nordic__nrfx.a(nrfx_glue.c.obj)
 .comment       0x0000000000000020       0x21 modules/hal_nordic/nrfx/libmodules__hal_nordic__nrfx.a(nrfx_flag32_allocator.c.obj)
 .comment       0x0000000000000020       0x21 modules/hal_nordic/nrfx/libmodules__hal_nordic__nrfx.a(nrfx_clock.c.obj)
 .comment       0x0000000000000020       0x21 modules/hal_nordic/nrfx/libmodules__hal_nordic__nrfx.a(nrfx_gpiote.c.obj)
 .comment       0x0000000000000020       0x21 zephyr/kernel/libkernel.a(device.c.obj)
 .comment       0x0000000000000020       0x21 zephyr/kernel/libkernel.a(errno.c.obj)
 .comment       0x0000000000000020       0x21 zephyr/kernel/libkernel.a(fatal.c.obj)
 .comment       0x0000000000000020       0x21 zephyr/kernel/libkernel.a(init.c.obj)
 .comment       0x0000000000000020       0x21 zephyr/kernel/libkernel.a(thread.c.obj)
 .comment       0x0000000000000020       0x21 zephyr/kernel/libkernel.a(idle.c.obj)
 .comment       0x0000000000000020       0x21 zephyr/kernel/libkernel.a(sem.c.obj)
 .comment       0x0000000000000020       0x21 zephyr/kernel/libkernel.a(sched.c.obj)
 .comment       0x0000000000000020       0x21 zephyr/kernel/libkernel.a(xip.c.obj)
 .comment       0x0000000000000020       0x21 zephyr/kernel/libkernel.a(timeout.c.obj)
 .comment       0x0000000000000020       0x21 zephyr/kernel/libkernel.a(atomic_c.c.obj)
 .comment       0x0000000000000020       0x21 zephyr/kernel/libkernel.a(banner.c.obj)
 .comment       0x0000000000000020       0x21 zephyr/arch/common/libisr_tables.a(isr_tables.c.obj)

.debug
 *(SORT_BY_ALIGNMENT(.debug))

.line
 *(SORT_BY_ALIGNMENT(.line))

.debug_srcinfo
 *(SORT_BY_ALIGNMENT(.debug_srcinfo))

.debug_sfnames
 *(SORT_BY_ALIGNMENT(.debug_sfnames))

.debug_aranges  0x0000000000000000     0x12c8
 *(SORT_BY_ALIGNMENT(.debug_aranges))
 .debug_aranges
                0x0000000000000000       0x20 zephyr/libzephyr.a(soc_nrf_common.S.obj)
 .debug_aranges
                0x0000000000000020       0x30 zephyr/arch/arch/arm/core/aarch32/libarch__arm__core__aarch32.a(cpu_idle.S.obj)
 .debug_aranges
                0x0000000000000050       0x20 zephyr/arch/arch/arm/core/aarch32/libarch__arm__core__aarch32.a(nmi_on_reset.S.obj)
 .debug_aranges
                0x0000000000000070       0x28 zephyr/arch/arch/arm/core/aarch32/libarch__arm__core__aarch32.a(swap_helper.S.obj)
 .debug_aranges